<!doctype html public "-//w3c//dtd html 4.0 transitional//en">
<html><head>
<title>Static Call Graph - [.\_build\nrf52840_xxaa.axf]</title></head>
<body><HR>
<H1>Static Call Graph for image .\_build\nrf52840_xxaa.axf</H1><HR>
<BR><P>#&#060CALLGRAPH&#062# ARM Linker, 5060960: Last Updated: Sun Mar 07 20:50:53 2021
<BR><P>
<H3>Maximum Stack Usage =        572 bytes + Unknown(Functions without stacksize, Cycles, Untraceable Function Pointers)</H3><H3>
Call chain for Maximum Stack Depth:</H3>
nrf_sdh_ble_evts_poll &rArr; app_error_handler &rArr; app_error_fault_handler &rArr; app_error_save_and_stop
<P>
<H3>
Functions with no stack information
</H3><UL>
 <LI><a href="#[35]">CRYPTOCELL_IRQHandler</a>
 <LI><a href="#[d5]">CRYS_COMMON_CmpLsWordsUnsignedCounters</a>
 <LI><a href="#[ee]">CRYS_COMMON_CmpLsbUnsignedCounters</a>
 <LI><a href="#[c1]">CRYS_COMMON_ConvertLsbMsbBytesToLswMswWords</a>
 <LI><a href="#[c3]">CRYS_COMMON_ConvertLswMswWordsToLsbMsbBytes</a>
 <LI><a href="#[d7]">CRYS_COMMON_ConvertLswMswWordsToMsbLsbBytes</a>
 <LI><a href="#[c4]">CRYS_COMMON_ConvertMsbLsbBytesToLswMswWords</a>
 <LI><a href="#[ed]">CRYS_COMMON_GetBytesCounterEffectiveSizeInBits</a>
 <LI><a href="#[d3]">CRYS_COMMON_GetWordsCounterEffectiveSizeInBits</a>
 <LI><a href="#[101]">CRYS_COMMON_ReverseMemcpy</a>
 <LI><a href="#[c6]">CRYS_ECDH_SVDP_DH</a>
 <LI><a href="#[c9]">CRYS_ECEDW_KeyPair</a>
 <LI><a href="#[cc]">CRYS_ECEDW_SeedKeyPair</a>
 <LI><a href="#[cd]">CRYS_ECMONT_KeyPair</a>
 <LI><a href="#[d0]">CRYS_ECMONT_Scalarmult</a>
 <LI><a href="#[cf]">CRYS_ECMONT_ScalarmultBase</a>
 <LI><a href="#[d2]">CRYS_ECPKI_BuildPrivKey</a>
 <LI><a href="#[d6]">CRYS_ECPKI_ExportPrivKey</a>
 <LI><a href="#[d8]">CRYS_ECPKI_ExportPublKey</a>
 <LI><a href="#[d9]">CRYS_ECPKI_GenKeyPair</a>
 <LI><a href="#[2c2]">CRYS_ECPKI_GetEcDomain</a>
 <LI><a href="#[dc]">CRYS_HASH</a>
 <LI><a href="#[de]">CRYS_HASH_Finish</a>
 <LI><a href="#[df]">CRYS_RND_AddAdditionalInput</a>
 <LI><a href="#[e3]">CRYS_RND_GenerateVector</a>
 <LI><a href="#[da]">CRYS_RND_GenerateVectorInRange</a>
 <LI><a href="#[ef]">CRYS_RND_Instantiation</a>
 <LI><a href="#[f2]">CRYS_RND_Reseeding</a>
 <LI><a href="#[f3]">CRYS_RndInit</a>
 <LI><a href="#[119]">DoubleMdf2Mdf</a>
 <LI><a href="#[ca]">EcEdwGetDomain25519</a>
 <LI><a href="#[cb]">EcEdwSeedKeyPair</a>
 <LI><a href="#[f8]">EcEdwSpecialScalarMultBase</a>
 <LI><a href="#[ce]">EcMontGetCurve25519Domain</a>
 <LI><a href="#[fc]">EcMontPkaScalMultWithLadder</a>
 <LI><a href="#[fd]">EcMontPkaScalarMultWithLadderExe</a>
 <LI><a href="#[d1]">EcMontScalarmult</a>
 <LI><a href="#[c8]">EcWrstDhDeriveSharedSecret</a>
 <LI><a href="#[102]">EcWrstFullCheckPublKey</a>
 <LI><a href="#[db]">EcWrstGenKeyPair</a>
 <LI><a href="#[104]">EcWrstInitPubKey</a>
 <LI><a href="#[107]">FinalizeAes</a>
 <LI><a href="#[40]">FinishHash</a>
 <LI><a href="#[3c]">FinishSwHash512</a>
 <LI><a href="#[10c]">HASH_COMMON_IncMsbUnsignedCounter</a>
 <LI><a href="#[3e]">InitHash</a>
 <LI><a href="#[3d]">InitSwHash512</a>
 <LI><a href="#[10d]">LLF_HASH_SHA512_SingleBlockUpdate</a>
 <LI><a href="#[130]">LLF_RND_AdaptiveProportionTest</a>
 <LI><a href="#[10f]">LLF_RND_DescBypass</a>
 <LI><a href="#[131]">LLF_RND_GetFastestRosc</a>
 <LI><a href="#[132]">LLF_RND_GetRoscSampleCnt</a>
 <LI><a href="#[111]">LLF_RND_GetTrngSource</a>
 <LI><a href="#[eb]">LLF_RND_RndCprngt</a>
 <LI><a href="#[f5]">LLF_RND_RunTrngStartupTest</a>
 <LI><a href="#[12e]">LLF_RND_TurnOffTrng</a>
 <LI><a href="#[113]">LLF_RND_WaitRngInterrupt</a>
 <LI><a href="#[11d]">PkaAddJcbJcb2Jcb</a>
 <LI><a href="#[11c]">PkaAddJcbJcb2Mdf</a>
 <LI><a href="#[fe]">PkaClearBlockOfRegs</a>
 <LI><a href="#[fb]">PkaCopyDataFromPkaReg</a>
 <LI><a href="#[f9]">PkaCopyDataIntoPkaReg</a>
 <LI><a href="#[11b]">PkaDoubleMdf2Jcb</a>
 <LI><a href="#[fa]">PkaEcEdwSpecialScalarMultBase</a>
 <LI><a href="#[100]">PkaEcWrstScalarMult</a>
 <LI><a href="#[f6]">PkaFinishAndMutexUnlock</a>
 <LI><a href="#[11a]">PkaGet2MsBits</a>
 <LI><a href="#[118]">PkaGetRegEffectiveSizeInBits</a>
 <LI><a href="#[105]">PkaInitAndMutexLock</a>
 <LI><a href="#[f7]">PkaInitPka</a>
 <LI><a href="#[11e]">PkaJcb2Afn</a>
 <LI><a href="#[117]">PkaScalarMultSca</a>
 <LI><a href="#[11f]">PkiCalcJacobiSymbol</a>
 <LI><a href="#[ff]">PkiConditionalSecureSwapUint32</a>
 <LI><a href="#[114]">PkiGetNextTwoMsBits</a>
 <LI><a href="#[106]">PkiIsModSquareRootExists</a>
 <LI><a href="#[108]">ProcessAes</a>
 <LI><a href="#[110]">ProcessBypass</a>
 <LI><a href="#[3f]">ProcessHash</a>
 <LI><a href="#[3b]">ProcessSwHash512</a>
 <LI><a href="#[f4]">RNG_PLAT_SetUserRngParameters</a>
 <LI><a href="#[e9]">SaSi_AesBlock</a>
 <LI><a href="#[ea]">SaSi_AesFinish</a>
 <LI><a href="#[e6]">SaSi_AesInit</a>
 <LI><a href="#[e8]">SaSi_AesSetIv</a>
 <LI><a href="#[e7]">SaSi_AesSetKey</a>
 <LI><a href="#[95]">SaSi_ECPKI_GetSecp160k1DomainP</a>
 <LI><a href="#[96]">SaSi_ECPKI_GetSecp160r1DomainP</a>
 <LI><a href="#[97]">SaSi_ECPKI_GetSecp160r2DomainP</a>
 <LI><a href="#[98]">SaSi_ECPKI_GetSecp192k1DomainP</a>
 <LI><a href="#[99]">SaSi_ECPKI_GetSecp192r1DomainP</a>
 <LI><a href="#[9a]">SaSi_ECPKI_GetSecp224k1DomainP</a>
 <LI><a href="#[9b]">SaSi_ECPKI_GetSecp224r1DomainP</a>
 <LI><a href="#[9c]">SaSi_ECPKI_GetSecp256k1DomainP</a>
 <LI><a href="#[9d]">SaSi_ECPKI_GetSecp256r1DomainP</a>
 <LI><a href="#[9e]">SaSi_ECPKI_GetSecp384r1DomainP</a>
 <LI><a href="#[9f]">SaSi_ECPKI_GetSecp521r1DomainP</a>
 <LI><a href="#[10e]">SaSi_HalClearInterruptBit</a>
 <LI><a href="#[126]">SaSi_HalInit</a>
 <LI><a href="#[109]">SaSi_HalMaskInterrupt</a>
 <LI><a href="#[122]">SaSi_HalTerminate</a>
 <LI><a href="#[10b]">SaSi_HalWaitInterrupt</a>
 <LI><a href="#[121]">SaSi_LibFini</a>
 <LI><a href="#[124]">SaSi_LibInit</a>
 <LI><a href="#[e2]">SaSi_PalAbort</a>
 <LI><a href="#[12b]">SaSi_PalDmaTerminate</a>
 <LI><a href="#[125]">SaSi_PalInit</a>
 <LI><a href="#[c7]">SaSi_PalMemCmp</a>
 <LI><a href="#[d4]">SaSi_PalMemCopy</a>
 <LI><a href="#[c2]">SaSi_PalMemMove</a>
 <LI><a href="#[103]">SaSi_PalMemSet</a>
 <LI><a href="#[c5]">SaSi_PalMemSetZero</a>
 <LI><a href="#[127]">SaSi_PalMutexCreate</a>
 <LI><a href="#[12a]">SaSi_PalMutexDestroy</a>
 <LI><a href="#[e0]">SaSi_PalMutexLock</a>
 <LI><a href="#[e1]">SaSi_PalMutexUnlock</a>
 <LI><a href="#[f0]">SaSi_PalPowerSaveModeSelect</a>
 <LI><a href="#[123]">SaSi_PalTerminate</a>
 <LI><a href="#[120]">SaSi_PalTrngParameterGet</a>
 <LI><a href="#[12c]">_DX_ECPKI_BuildPublKey</a>
 <LI><a href="#[dd]">hashUpdate</a>
 <LI><a href="#[e5]">SaSi_RndUpdate</a>
 <LI><a href="#[e4]">SaSi_RndDf</a>
 <LI><a href="#[ec]">CRYS_RND_GenerateVectorInRange.part.0</a>
 <LI><a href="#[f1]">SaSi_RndInstantiateOrReseed.part.0.constprop.0</a>
 <LI><a href="#[10a]">InitAes.part.0</a>
 <LI><a href="#[12d]">startTrngHW</a>
 <LI><a href="#[12f]">LLF_RND_RepetitionCounterTest.part.0</a>
 <LI><a href="#[112]">getTrngSource</a>
 <LI><a href="#[115]">PkaEcEdwAddExtPrcExt</a>
 <LI><a href="#[116]">PkaEcEdwDoublExtExt.constprop.0</a>
</UL>
</UL>
<P>
<H3>
Mutually Recursive functions
</H3> <LI><a href="#[4]">NMI_Handler</a>&nbsp;&nbsp;&nbsp;&rArr;&nbsp;&nbsp;&nbsp;<a href="#[4]">NMI_Handler</a><BR>
 <LI><a href="#[5]">HardFault_Handler</a>&nbsp;&nbsp;&nbsp;&rArr;&nbsp;&nbsp;&nbsp;<a href="#[5]">HardFault_Handler</a><BR>
 <LI><a href="#[6]">MemoryManagement_Handler</a>&nbsp;&nbsp;&nbsp;&rArr;&nbsp;&nbsp;&nbsp;<a href="#[6]">MemoryManagement_Handler</a><BR>
 <LI><a href="#[7]">BusFault_Handler</a>&nbsp;&nbsp;&nbsp;&rArr;&nbsp;&nbsp;&nbsp;<a href="#[7]">BusFault_Handler</a><BR>
 <LI><a href="#[8]">UsageFault_Handler</a>&nbsp;&nbsp;&nbsp;&rArr;&nbsp;&nbsp;&nbsp;<a href="#[8]">UsageFault_Handler</a><BR>
 <LI><a href="#[9]">SVC_Handler</a>&nbsp;&nbsp;&nbsp;&rArr;&nbsp;&nbsp;&nbsp;<a href="#[9]">SVC_Handler</a><BR>
 <LI><a href="#[a]">DebugMon_Handler</a>&nbsp;&nbsp;&nbsp;&rArr;&nbsp;&nbsp;&nbsp;<a href="#[a]">DebugMon_Handler</a><BR>
 <LI><a href="#[b]">PendSV_Handler</a>&nbsp;&nbsp;&nbsp;&rArr;&nbsp;&nbsp;&nbsp;<a href="#[b]">PendSV_Handler</a><BR>
 <LI><a href="#[c]">SysTick_Handler</a>&nbsp;&nbsp;&nbsp;&rArr;&nbsp;&nbsp;&nbsp;<a href="#[c]">SysTick_Handler</a><BR>
 <LI><a href="#[1c]">CCM_AAR_IRQHandler</a>&nbsp;&nbsp;&nbsp;&rArr;&nbsp;&nbsp;&nbsp;<a href="#[1c]">CCM_AAR_IRQHandler</a><BR>
 <LI><a href="#[b8]">__asm___12_nrf_atfifo_c_51f461e1__nrf_atfifo_wspace_close</a>&nbsp;&nbsp;&nbsp;&rArr;&nbsp;&nbsp;&nbsp;<a href="#[b8]">__asm___12_nrf_atfifo_c_51f461e1__nrf_atfifo_wspace_close</a><BR>
 <LI><a href="#[b9]">__asm___12_nrf_atfifo_c_51f461e1__nrf_atfifo_rspace_close</a>&nbsp;&nbsp;&nbsp;&rArr;&nbsp;&nbsp;&nbsp;<a href="#[b9]">__asm___12_nrf_atfifo_c_51f461e1__nrf_atfifo_rspace_close</a><BR>
 <LI><a href="#[af]">nrf_fstorage_sys_evt_handler</a>&nbsp;&nbsp;&nbsp;&rArr;&nbsp;&nbsp;&nbsp;<a href="#[348]">queue_process</a><BR>
 <LI><a href="#[3e1]">pm_handler_flash_clean_on_return</a>&nbsp;&nbsp;&nbsp;&rArr;&nbsp;&nbsp;&nbsp;<a href="#[3de]">pm_handler_flash_clean</a><BR>
 <LI><a href="#[3e2]">rank_highest</a>&nbsp;&nbsp;&nbsp;&rArr;&nbsp;&nbsp;&nbsp;<a href="#[3de]">pm_handler_flash_clean</a><BR>
</UL>
<P>
<H3>
Function Pointers
</H3><UL>
 <LI><a href="#[7]">BusFault_Handler</a> from arm_startup_nrf52840.o(.text) referenced from arm_startup_nrf52840.o(RESET)
 <LI><a href="#[1c]">CCM_AAR_IRQHandler</a> from arm_startup_nrf52840.o(.text) referenced from arm_startup_nrf52840.o(RESET)
 <LI><a href="#[20]">COMP_LPCOMP_IRQHandler</a> from arm_startup_nrf52840.o(.text) referenced from arm_startup_nrf52840.o(RESET)
 <LI><a href="#[35]">CRYPTOCELL_IRQHandler</a> from ssi_hal.c.obj(.text.CRYPTOCELL_IRQHandler) referenced from arm_startup_nrf52840.o(RESET)
 <LI><a href="#[a]">DebugMon_Handler</a> from arm_startup_nrf52840.o(.text) referenced from arm_startup_nrf52840.o(RESET)
 <LI><a href="#[1b]">ECB_IRQHandler</a> from arm_startup_nrf52840.o(.text) referenced from arm_startup_nrf52840.o(RESET)
 <LI><a href="#[31]">FPU_IRQHandler</a> from arm_startup_nrf52840.o(.text) referenced from arm_startup_nrf52840.o(RESET)
 <LI><a href="#[40]">FinishHash</a> from hash_driver.c.obj(.text.FinishHash) referenced from crys_hash.c.obj(.text.CRYS_HASH)
 <LI><a href="#[3c]">FinishSwHash512</a> from sw_llf_hash_sha512.c.obj(.text.FinishSwHash512) referenced from crys_hash.c.obj(.text.CRYS_HASH)
 <LI><a href="#[13]">GPIOTE_IRQHandler</a> from nrfx_gpiote.o(i.GPIOTE_IRQHandler) referenced from arm_startup_nrf52840.o(RESET)
 <LI><a href="#[5]">HardFault_Handler</a> from arm_startup_nrf52840.o(.text) referenced from arm_startup_nrf52840.o(RESET)
 <LI><a href="#[30]">I2S_IRQHandler</a> from arm_startup_nrf52840.o(.text) referenced from arm_startup_nrf52840.o(RESET)
 <LI><a href="#[3e]">InitHash</a> from hash_driver.c.obj(.text.InitHash) referenced from crys_hash.c.obj(.text.CRYS_HASH)
 <LI><a href="#[3d]">InitSwHash512</a> from sw_llf_hash_sha512.c.obj(.text.InitSwHash512) referenced from crys_hash.c.obj(.text.CRYS_HASH)
 <LI><a href="#[2b]">MWU_IRQHandler</a> from arm_startup_nrf52840.o(.text) referenced from arm_startup_nrf52840.o(RESET)
 <LI><a href="#[6]">MemoryManagement_Handler</a> from arm_startup_nrf52840.o(.text) referenced from arm_startup_nrf52840.o(RESET)
 <LI><a href="#[12]">NFCT_IRQHandler</a> from arm_startup_nrf52840.o(.text) referenced from arm_startup_nrf52840.o(RESET)
 <LI><a href="#[4]">NMI_Handler</a> from arm_startup_nrf52840.o(.text) referenced from arm_startup_nrf52840.o(RESET)
 <LI><a href="#[2a]">PDM_IRQHandler</a> from arm_startup_nrf52840.o(.text) referenced from arm_startup_nrf52840.o(RESET)
 <LI><a href="#[d]">POWER_CLOCK_IRQHandler</a> from nrfx_clock.o(i.POWER_CLOCK_IRQHandler) referenced from arm_startup_nrf52840.o(RESET)
 <LI><a href="#[29]">PWM0_IRQHandler</a> from arm_startup_nrf52840.o(.text) referenced from arm_startup_nrf52840.o(RESET)
 <LI><a href="#[2c]">PWM1_IRQHandler</a> from arm_startup_nrf52840.o(.text) referenced from arm_startup_nrf52840.o(RESET)
 <LI><a href="#[2d]">PWM2_IRQHandler</a> from arm_startup_nrf52840.o(.text) referenced from arm_startup_nrf52840.o(RESET)
 <LI><a href="#[36]">PWM3_IRQHandler</a> from arm_startup_nrf52840.o(.text) referenced from arm_startup_nrf52840.o(RESET)
 <LI><a href="#[b]">PendSV_Handler</a> from arm_startup_nrf52840.o(.text) referenced from arm_startup_nrf52840.o(RESET)
 <LI><a href="#[3f]">ProcessHash</a> from hash_driver.c.obj(.text.ProcessHash) referenced from crys_hash.c.obj(.text.CRYS_HASH)
 <LI><a href="#[3b]">ProcessSwHash512</a> from sw_llf_hash_sha512.c.obj(.text.ProcessSwHash512) referenced from crys_hash.c.obj(.text.CRYS_HASH)
 <LI><a href="#[1f]">QDEC_IRQHandler</a> from arm_startup_nrf52840.o(.text) referenced from arm_startup_nrf52840.o(RESET)
 <LI><a href="#[34]">QSPI_IRQHandler</a> from arm_startup_nrf52840.o(.text) referenced from arm_startup_nrf52840.o(RESET)
 <LI><a href="#[e]">RADIO_IRQHandler</a> from arm_startup_nrf52840.o(.text) referenced from arm_startup_nrf52840.o(RESET)
 <LI><a href="#[1a]">RNG_IRQHandler</a> from nrfx_rng.o(i.RNG_IRQHandler) referenced from arm_startup_nrf52840.o(RESET)
 <LI><a href="#[18]">RTC0_IRQHandler</a> from arm_startup_nrf52840.o(.text) referenced from arm_startup_nrf52840.o(RESET)
 <LI><a href="#[1e]">RTC1_IRQHandler</a> from drv_rtc.o(i.RTC1_IRQHandler) referenced from arm_startup_nrf52840.o(RESET)
 <LI><a href="#[2f]">RTC2_IRQHandler</a> from arm_startup_nrf52840.o(.text) referenced from arm_startup_nrf52840.o(RESET)
 <LI><a href="#[3]">Reset_Handler</a> from arm_startup_nrf52840.o(.text) referenced from arm_startup_nrf52840.o(RESET)
 <LI><a href="#[14]">SAADC_IRQHandler</a> from nrfx_saadc.o(i.SAADC_IRQHandler) referenced from arm_startup_nrf52840.o(RESET)
 <LI><a href="#[10]">SPIM0_SPIS0_TWIM0_TWIS0_SPI0_TWI0_IRQHandler</a> from nrfx_spim.o(i.SPIM0_SPIS0_TWIM0_TWIS0_SPI0_TWI0_IRQHandler) referenced from nrfx_spim.o(.constdata)
 <LI><a href="#[10]">SPIM0_SPIS0_TWIM0_TWIS0_SPI0_TWI0_IRQHandler</a> from nrfx_spim.o(i.SPIM0_SPIS0_TWIM0_TWIS0_SPI0_TWI0_IRQHandler) referenced from arm_startup_nrf52840.o(RESET)
 <LI><a href="#[11]">SPIM1_SPIS1_TWIM1_TWIS1_SPI1_TWI1_IRQHandler</a> from arm_startup_nrf52840.o(.text) referenced from arm_startup_nrf52840.o(RESET)
 <LI><a href="#[2e]">SPIM2_SPIS2_SPI2_IRQHandler</a> from arm_startup_nrf52840.o(.text) referenced from arm_startup_nrf52840.o(RESET)
 <LI><a href="#[37]">SPIM3_IRQHandler</a> from arm_startup_nrf52840.o(.text) referenced from arm_startup_nrf52840.o(RESET)
 <LI><a href="#[9]">SVC_Handler</a> from arm_startup_nrf52840.o(.text) referenced from arm_startup_nrf52840.o(RESET)
 <LI><a href="#[21]">SWI0_EGU0_IRQHandler</a> from arm_startup_nrf52840.o(.text) referenced from arm_startup_nrf52840.o(RESET)
 <LI><a href="#[22]">SWI1_EGU1_IRQHandler</a> from arm_startup_nrf52840.o(.text) referenced from arm_startup_nrf52840.o(RESET)
 <LI><a href="#[23]">SWI2_EGU2_IRQHandler</a> from nrf_sdh.o(i.SWI2_EGU2_IRQHandler) referenced from arm_startup_nrf52840.o(RESET)
 <LI><a href="#[24]">SWI3_EGU3_IRQHandler</a> from arm_startup_nrf52840.o(.text) referenced from arm_startup_nrf52840.o(RESET)
 <LI><a href="#[25]">SWI4_EGU4_IRQHandler</a> from arm_startup_nrf52840.o(.text) referenced from arm_startup_nrf52840.o(RESET)
 <LI><a href="#[26]">SWI5_EGU5_IRQHandler</a> from arm_startup_nrf52840.o(.text) referenced from arm_startup_nrf52840.o(RESET)
 <LI><a href="#[95]">SaSi_ECPKI_GetSecp160k1DomainP</a> from ssi_ecpki_domain_secp160k1.c.obj(.text.SaSi_ECPKI_GetSecp160k1DomainP) referenced from ssi_ecpki_info.c.obj(.rodata.ecDomainsFuncP)
 <LI><a href="#[96]">SaSi_ECPKI_GetSecp160r1DomainP</a> from ssi_ecpki_domain_secp160r1.c.obj(.text.SaSi_ECPKI_GetSecp160r1DomainP) referenced from ssi_ecpki_info.c.obj(.rodata.ecDomainsFuncP)
 <LI><a href="#[97]">SaSi_ECPKI_GetSecp160r2DomainP</a> from ssi_ecpki_domain_secp160r2.c.obj(.text.SaSi_ECPKI_GetSecp160r2DomainP) referenced from ssi_ecpki_info.c.obj(.rodata.ecDomainsFuncP)
 <LI><a href="#[98]">SaSi_ECPKI_GetSecp192k1DomainP</a> from ssi_ecpki_domain_secp192k1.c.obj(.text.SaSi_ECPKI_GetSecp192k1DomainP) referenced from ssi_ecpki_info.c.obj(.rodata.ecDomainsFuncP)
 <LI><a href="#[99]">SaSi_ECPKI_GetSecp192r1DomainP</a> from ssi_ecpki_domain_secp192r1.c.obj(.text.SaSi_ECPKI_GetSecp192r1DomainP) referenced from ssi_ecpki_info.c.obj(.rodata.ecDomainsFuncP)
 <LI><a href="#[9a]">SaSi_ECPKI_GetSecp224k1DomainP</a> from ssi_ecpki_domain_secp224k1.c.obj(.text.SaSi_ECPKI_GetSecp224k1DomainP) referenced from ssi_ecpki_info.c.obj(.rodata.ecDomainsFuncP)
 <LI><a href="#[9b]">SaSi_ECPKI_GetSecp224r1DomainP</a> from ssi_ecpki_domain_secp224r1.c.obj(.text.SaSi_ECPKI_GetSecp224r1DomainP) referenced from ssi_ecpki_info.c.obj(.rodata.ecDomainsFuncP)
 <LI><a href="#[9c]">SaSi_ECPKI_GetSecp256k1DomainP</a> from ssi_ecpki_domain_secp256k1.c.obj(.text.SaSi_ECPKI_GetSecp256k1DomainP) referenced from ssi_ecpki_info.c.obj(.rodata.ecDomainsFuncP)
 <LI><a href="#[9d]">SaSi_ECPKI_GetSecp256r1DomainP</a> from ssi_ecpki_domain_secp256r1.c.obj(.text.SaSi_ECPKI_GetSecp256r1DomainP) referenced from ssi_ecpki_info.c.obj(.rodata.ecDomainsFuncP)
 <LI><a href="#[9e]">SaSi_ECPKI_GetSecp384r1DomainP</a> from ssi_ecpki_domain_secp384r1.c.obj(.text.SaSi_ECPKI_GetSecp384r1DomainP) referenced from ssi_ecpki_info.c.obj(.rodata.ecDomainsFuncP)
 <LI><a href="#[9f]">SaSi_ECPKI_GetSecp521r1DomainP</a> from ssi_ecpki_domain_secp521r1.c.obj(.text.SaSi_ECPKI_GetSecp521r1DomainP) referenced from ssi_ecpki_info.c.obj(.rodata.ecDomainsFuncP)
 <LI><a href="#[c]">SysTick_Handler</a> from arm_startup_nrf52840.o(.text) referenced from arm_startup_nrf52840.o(RESET)
 <LI><a href="#[39]">SystemInit</a> from system_nrf52840.o(i.SystemInit) referenced from arm_startup_nrf52840.o(.text)
 <LI><a href="#[19]">TEMP_IRQHandler</a> from arm_startup_nrf52840.o(.text) referenced from arm_startup_nrf52840.o(RESET)
 <LI><a href="#[15]">TIMER0_IRQHandler</a> from nrfx_timer.o(i.TIMER0_IRQHandler) referenced from arm_startup_nrf52840.o(RESET)
 <LI><a href="#[16]">TIMER1_IRQHandler</a> from nrfx_timer.o(i.TIMER1_IRQHandler) referenced from arm_startup_nrf52840.o(RESET)
 <LI><a href="#[17]">TIMER2_IRQHandler</a> from arm_startup_nrf52840.o(.text) referenced from arm_startup_nrf52840.o(RESET)
 <LI><a href="#[27]">TIMER3_IRQHandler</a> from arm_startup_nrf52840.o(.text) referenced from arm_startup_nrf52840.o(RESET)
 <LI><a href="#[28]">TIMER4_IRQHandler</a> from arm_startup_nrf52840.o(.text) referenced from arm_startup_nrf52840.o(RESET)
 <LI><a href="#[f]">UARTE0_UART0_IRQHandler</a> from nrfx_prs.o(i.UARTE0_UART0_IRQHandler) referenced from arm_startup_nrf52840.o(RESET)
 <LI><a href="#[33]">UARTE1_IRQHandler</a> from arm_startup_nrf52840.o(.text) referenced from arm_startup_nrf52840.o(RESET)
 <LI><a href="#[32]">USBD_IRQHandler</a> from arm_startup_nrf52840.o(.text) referenced from arm_startup_nrf52840.o(RESET)
 <LI><a href="#[8]">UsageFault_Handler</a> from arm_startup_nrf52840.o(.text) referenced from arm_startup_nrf52840.o(RESET)
 <LI><a href="#[1d]">WDT_IRQHandler</a> from arm_startup_nrf52840.o(.text) referenced from arm_startup_nrf52840.o(RESET)
 <LI><a href="#[3a]">__main</a> from entry.o(.ARM.Collect$$$$00000000) referenced from arm_startup_nrf52840.o(.text)
 <LI><a href="#[42]">_sputc</a> from printf8.o(i._sputc) referenced from printf8.o(i.__0sprintf$8)
 <LI><a href="#[4f]">alert_timer_handler</a> from bsp.o(i.alert_timer_handler) referenced from bsp.o(i.bsp_init)
 <LI><a href="#[5a]">app_error_fault_handler</a> from app_error_weak.o(i.app_error_fault_handler) referenced from nrf_sdh.o(i.nrf_sdh_enable_request)
 <LI><a href="#[54]">apply_pending_handle</a> from gatt_cache_manager.o(i.apply_pending_handle) referenced from gatt_cache_manager.o(i.gcm_ble_evt_handler)
 <LI><a href="#[49]">blacklisted_peers_state_transition_handle</a> from auth_status_tracker.o(i.blacklisted_peers_state_transition_handle) referenced from auth_status_tracker.o(i.ast_init)
 <LI><a href="#[a4]">ble_advertising_on_ble_evt</a> from ble_advertising.o(i.ble_advertising_on_ble_evt) referenced from ble_service.o(sdh_ble_observers1)
 <LI><a href="#[aa]">ble_bas_on_ble_evt</a> from ble_bas.o(i.ble_bas_on_ble_evt) referenced from ble_service.o(sdh_ble_observers2)
 <LI><a href="#[a2]">ble_evt_handler</a> from ble_conn_state.o(i.ble_evt_handler) referenced from ble_conn_state.o(sdh_ble_observers0)
 <LI><a href="#[a5]">ble_evt_handler</a> from bsp_btn_ble.o(i.ble_evt_handler) referenced 3 times from bsp_btn_ble.o(sdh_ble_observers1)
 <LI><a href="#[ac]">ble_evt_handler</a> from ble_service.o(i.ble_evt_handler) referenced from ble_service.o(sdh_ble_observers3)
 <LI><a href="#[a9]">ble_hrs_on_ble_evt</a> from ble_hrs.o(i.ble_hrs_on_ble_evt) referenced from ble_service.o(sdh_ble_observers2)
 <LI><a href="#[a8]">ble_nus_on_ble_evt</a> from ble_nus.o(i.ble_nus_on_ble_evt) referenced from ble_service.o(sdh_ble_observers2)
 <LI><a href="#[94]">block_dev_sdc_geometry</a> from nrf_block_dev_sdc.o(i.block_dev_sdc_geometry) referenced from nrf_block_dev_sdc.o(.constdata)
 <LI><a href="#[8f]">block_dev_sdc_init</a> from nrf_block_dev_sdc.o(i.block_dev_sdc_init) referenced from nrf_block_dev_sdc.o(.constdata)
 <LI><a href="#[93]">block_dev_sdc_ioctl</a> from nrf_block_dev_sdc.o(i.block_dev_sdc_ioctl) referenced from nrf_block_dev_sdc.o(.constdata)
 <LI><a href="#[91]">block_dev_sdc_read_req</a> from nrf_block_dev_sdc.o(i.block_dev_sdc_read_req) referenced from nrf_block_dev_sdc.o(.constdata)
 <LI><a href="#[90]">block_dev_sdc_uninit</a> from nrf_block_dev_sdc.o(i.block_dev_sdc_uninit) referenced from nrf_block_dev_sdc.o(.constdata)
 <LI><a href="#[92]">block_dev_sdc_write_req</a> from nrf_block_dev_sdc.o(i.block_dev_sdc_write_req) referenced from nrf_block_dev_sdc.o(.constdata)
 <LI><a href="#[6a]">bsp_button_event_handler</a> from bsp.o(i.bsp_button_event_handler) referenced 4 times from bsp.o(.constdata)
 <LI><a href="#[50]">bsp_event_handler</a> from ble_service.o(i.bsp_event_handler) referenced from ble_service.o(i.buttons_leds_init)
 <LI><a href="#[4d]">button_timer_handler</a> from bsp.o(i.button_timer_handler) referenced from bsp.o(i.bsp_init)
 <LI><a href="#[69]">car_update_pending_handle</a> from gatt_cache_manager.o(i.car_update_pending_handle) referenced from gatt_cache_manager.o(i.update_pending_flags_check)
 <LI><a href="#[a0]">cc310_backend_init</a> from cc310_backend_init.o(i.cc310_backend_init) referenced from cc310_backend_init.o(crypto_data)
 <LI><a href="#[a1]">cc310_backend_uninit</a> from cc310_backend_init.o(i.cc310_backend_uninit) referenced from cc310_backend_init.o(crypto_data)
 <LI><a href="#[56]">clock_irq_handler</a> from nrf_drv_clock.o(i.clock_irq_handler) referenced from nrf_drv_clock.o(i.nrf_drv_clock_init)
 <LI><a href="#[86]">compare_func</a> from app_timer2.o(i.compare_func) referenced from app_timer2.o(.constdata)
 <LI><a href="#[52]">conn_params_error_handler</a> from ble_service.o(i.conn_params_error_handler) referenced from ble_service.o(i.conn_params_init)
 <LI><a href="#[68]">db_update_pending_handle</a> from gatt_cache_manager.o(i.db_update_pending_handle) referenced from gatt_cache_manager.o(i.update_pending_flags_check)
 <LI><a href="#[45]">detection_delay_timeout_handler</a> from app_button.o(i.detection_delay_timeout_handler) referenced from app_button.o(i.app_button_init)
 <LI><a href="#[8b]">erase</a> from nrf_fstorage_sd.o(i.erase) referenced from nrf_fstorage_sd.o(.constdata)
 <LI><a href="#[5b]">fds_evt_handler</a> from peer_data_storage.o(i.fds_evt_handler) referenced from peer_data_storage.o(i.pds_init)
 <LI><a href="#[41]">fputc</a> from retarget.o(i.fputc) referenced from printf8.o(i.__0printf$8)
 <LI><a href="#[2]">fs_event_handler</a> from fds.o(i.fs_event_handler) referenced 2 times from fds.o(fs_data)
 <LI><a href="#[53]">gatt_evt_handler</a> from ble_service.o(i.gatt_evt_handler) referenced from ble_service.o(i.gatt_init)
 <LI><a href="#[6c]">gcm_im_evt_handler</a> from gatt_cache_manager.o(i.gcm_im_evt_handler) referenced from id_manager.o(.constdata)
 <LI><a href="#[71]">gcm_pdb_evt_handler</a> from gatt_cache_manager.o(i.gcm_pdb_evt_handler) referenced from peer_database.o(.constdata)
 <LI><a href="#[44]">gpiote_event_handler</a> from app_button.o(i.gpiote_event_handler) referenced from app_button.o(i.app_button_init)
 <LI><a href="#[70]">gscm_pdb_evt_handler</a> from gatts_cache_manager.o(i.gscm_pdb_evt_handler) referenced from peer_database.o(.constdata)
 <LI><a href="#[65]">heart_rate_meas_timeout_handler</a> from ble_service.o(i.heart_rate_meas_timeout_handler) referenced from ble_service.o(i.timers_init)
 <LI><a href="#[87]">init</a> from nrf_fstorage_sd.o(i.init) referenced from nrf_fstorage_sd.o(.constdata)
 <LI><a href="#[8e]">is_busy</a> from nrf_fstorage_sd.o(i.is_busy) referenced from nrf_fstorage_sd.o(.constdata)
 <LI><a href="#[4e]">leds_timer_handler</a> from bsp.o(i.leds_timer_handler) referenced from bsp.o(i.bsp_init)
 <LI><a href="#[64]">link_secure_pending_handle</a> from security_manager.o(i.link_secure_pending_handle) referenced from security_manager.o(i.sm_ble_evt_handler)
 <LI><a href="#[64]">link_secure_pending_handle</a> from security_manager.o(i.link_secure_pending_handle) referenced from security_manager.o(i.sm_pdb_evt_handler)
 <LI><a href="#[38]">main</a> from main.o(i.main) referenced from entry9a.o(.ARM.Collect$$$$0000000B)
 <LI><a href="#[a3]">nrf_ble_gatt_on_ble_evt</a> from nrf_ble_gatt.o(i.nrf_ble_gatt_on_ble_evt) referenced from ble_service.o(sdh_ble_observers1)
 <LI><a href="#[ab]">nrf_ble_qwr_on_ble_evt</a> from nrf_ble_qwr.o(i.nrf_ble_qwr_on_ble_evt) referenced from ble_service.o(sdh_ble_observers2)
 <LI><a href="#[83]">nrf_crypto_backend_cc310_curve25519_ecdh_compute</a> from cc310_backend_ecdh.o(i.nrf_crypto_backend_cc310_curve25519_ecdh_compute) referenced from nrf_crypto_ecdh.o(.constdata)
 <LI><a href="#[79]">nrf_crypto_backend_cc310_curve25519_key_from_raw</a> from cc310_backend_ecc.o(i.nrf_crypto_backend_cc310_curve25519_key_from_raw) referenced 2 times from nrf_crypto_ecc.o(.constdata)
 <LI><a href="#[75]">nrf_crypto_backend_cc310_curve25519_key_pair_generate</a> from cc310_backend_ecc.o(i.nrf_crypto_backend_cc310_curve25519_key_pair_generate) referenced from nrf_crypto_ecc.o(.constdata)
 <LI><a href="#[7c]">nrf_crypto_backend_cc310_curve25519_key_to_raw</a> from cc310_backend_ecc.o(i.nrf_crypto_backend_cc310_curve25519_key_to_raw) referenced 2 times from nrf_crypto_ecc.o(.constdata)
 <LI><a href="#[82]">nrf_crypto_backend_cc310_ecdh_compute</a> from cc310_backend_ecdh.o(i.nrf_crypto_backend_cc310_ecdh_compute) referenced 11 times from nrf_crypto_ecdh.o(.constdata)
 <LI><a href="#[76]">nrf_crypto_backend_cc310_ed25519_key_pair_generate</a> from cc310_backend_ecc.o(i.nrf_crypto_backend_cc310_ed25519_key_pair_generate) referenced from nrf_crypto_ecc.o(.constdata)
 <LI><a href="#[7a]">nrf_crypto_backend_cc310_ed25519_private_key_from_raw</a> from cc310_backend_ecc.o(i.nrf_crypto_backend_cc310_ed25519_private_key_from_raw) referenced from nrf_crypto_ecc.o(.constdata)
 <LI><a href="#[7d]">nrf_crypto_backend_cc310_ed25519_private_key_to_raw</a> from cc310_backend_ecc.o(i.nrf_crypto_backend_cc310_ed25519_private_key_to_raw) referenced from nrf_crypto_ecc.o(.constdata)
 <LI><a href="#[77]">nrf_crypto_backend_cc310_ed25519_public_key_calculate</a> from cc310_backend_ecc.o(i.nrf_crypto_backend_cc310_ed25519_public_key_calculate) referenced from nrf_crypto_ecc.o(.constdata)
 <LI><a href="#[7f]">nrf_crypto_backend_cc310_ed25519_public_key_from_raw</a> from cc310_backend_ecc.o(i.nrf_crypto_backend_cc310_ed25519_public_key_from_raw) referenced from nrf_crypto_ecc.o(.constdata)
 <LI><a href="#[81]">nrf_crypto_backend_cc310_ed25519_public_key_to_raw</a> from cc310_backend_ecc.o(i.nrf_crypto_backend_cc310_ed25519_public_key_to_raw) referenced from nrf_crypto_ecc.o(.constdata)
 <LI><a href="#[74]">nrf_crypto_backend_cc310_key_pair_generate</a> from cc310_backend_ecc.o(i.nrf_crypto_backend_cc310_key_pair_generate) referenced 11 times from nrf_crypto_ecc.o(.constdata)
 <LI><a href="#[78]">nrf_crypto_backend_cc310_private_key_from_raw</a> from cc310_backend_ecc.o(i.nrf_crypto_backend_cc310_private_key_from_raw) referenced 11 times from nrf_crypto_ecc.o(.constdata)
 <LI><a href="#[7b]">nrf_crypto_backend_cc310_private_key_to_raw</a> from cc310_backend_ecc.o(i.nrf_crypto_backend_cc310_private_key_to_raw) referenced 11 times from nrf_crypto_ecc.o(.constdata)
 <LI><a href="#[7e]">nrf_crypto_backend_cc310_public_key_from_raw</a> from cc310_backend_ecc.o(i.nrf_crypto_backend_cc310_public_key_from_raw) referenced 11 times from nrf_crypto_ecc.o(.constdata)
 <LI><a href="#[80]">nrf_crypto_backend_cc310_public_key_to_raw</a> from cc310_backend_ecc.o(i.nrf_crypto_backend_cc310_public_key_to_raw) referenced 11 times from nrf_crypto_ecc.o(.constdata)
 <LI><a href="#[55]">nrf_crypto_backend_cc310_rng</a> from cc310_backend_shared.o(i.nrf_crypto_backend_cc310_rng) referenced from cc310_backend_ecc.o(i.nrf_crypto_backend_cc310_curve25519_key_pair_generate)
 <LI><a href="#[55]">nrf_crypto_backend_cc310_rng</a> from cc310_backend_shared.o(i.nrf_crypto_backend_cc310_rng) referenced from cc310_backend_ecc.o(i.nrf_crypto_backend_cc310_ed25519_key_pair_generate)
 <LI><a href="#[55]">nrf_crypto_backend_cc310_rng</a> from cc310_backend_shared.o(i.nrf_crypto_backend_cc310_rng) referenced from cc310_backend_ecc.o(i.nrf_crypto_backend_cc310_key_pair_generate)
 <LI><a href="#[ad]">nrf_fstorage_sdh_req_handler</a> from nrf_fstorage_sd.o(i.nrf_fstorage_sdh_req_handler) referenced from nrf_fstorage_sd.o(sdh_req_observers0)
 <LI><a href="#[b4]">nrf_fstorage_sdh_state_handler</a> from nrf_fstorage_sd.o(i.nrf_fstorage_sdh_state_handler) referenced from nrf_fstorage_sd.o(sdh_state_observers0)
 <LI><a href="#[af]">nrf_fstorage_sys_evt_handler</a> from nrf_fstorage_sd.o(i.nrf_fstorage_sys_evt_handler) referenced from nrf_fstorage_sd.o(sdh_soc_observers0)
 <LI><a href="#[61]">nrf_qwr_error_handler</a> from ble_service.o(i.nrf_qwr_error_handler) referenced from ble_service.o(i.services_init)
 <LI><a href="#[b0]">nrf_sdh_ble_evts_poll</a> from nrf_sdh_ble.o(i.nrf_sdh_ble_evts_poll) referenced from nrf_sdh_ble.o(sdh_stack_observers0)
 <LI><a href="#[b1]">nrf_sdh_soc_evts_poll</a> from nrf_sdh_soc.o(i.nrf_sdh_soc_evts_poll) referenced from nrf_sdh_soc.o(sdh_stack_observers0)
 <LI><a href="#[5f]">nrfx_rng_handler</a> from nrf_drv_rng.o(i.nrfx_rng_handler) referenced from nrf_drv_rng.o(i.sd_state_evt_handler)
 <LI><a href="#[84]">nrfx_uart_0_irq_handler</a> from nrfx_uart.o(i.nrfx_uart_0_irq_handler) referenced from nrfx_uart.o(.constdata)
 <LI><a href="#[85]">nrfx_uarte_0_irq_handler</a> from nrfx_uarte.o(i.nrfx_uarte_0_irq_handler) referenced from nrfx_uarte.o(.constdata)
 <LI><a href="#[62]">nus_data_handler</a> from ble_service.o(i.nus_data_handler) referenced from ble_service.o(i.services_init)
 <LI><a href="#[43]">on_adv_evt</a> from ble_service.o(i.on_adv_evt) referenced from ble_service.o(i.advertising_init)
 <LI><a href="#[51]">on_conn_params_evt</a> from ble_service.o(i.on_conn_params_evt) referenced from ble_service.o(i.conn_params_init)
 <LI><a href="#[63]">params_reply_pending_handle</a> from security_manager.o(i.params_reply_pending_handle) referenced from security_manager.o(i.sm_ble_evt_handler)
 <LI><a href="#[63]">params_reply_pending_handle</a> from security_manager.o(i.params_reply_pending_handle) referenced from security_manager.o(i.sm_pdb_evt_handler)
 <LI><a href="#[6d]">pdb_pds_evt_handler</a> from peer_database.o(i.pdb_pds_evt_handler) referenced from peer_data_storage.o(.constdata)
 <LI><a href="#[5c]">pm_evt_handler</a> from ble_service.o(i.pm_evt_handler) referenced from ble_service.o(i.peer_manager_init)
 <LI><a href="#[0]">pm_gcm_evt_handler</a> from peer_manager.o(i.pm_gcm_evt_handler) referenced 2 times from gatt_cache_manager.o(.data)
 <LI><a href="#[1]">pm_gscm_evt_handler</a> from peer_manager.o(i.pm_gscm_evt_handler) referenced 2 times from gatts_cache_manager.o(.data)
 <LI><a href="#[6b]">pm_im_evt_handler</a> from peer_manager.o(i.pm_im_evt_handler) referenced from id_manager.o(.constdata)
 <LI><a href="#[6e]">pm_pdb_evt_handler</a> from peer_manager.o(i.pm_pdb_evt_handler) referenced from peer_database.o(.constdata)
 <LI><a href="#[73]">pm_sm_evt_handler</a> from peer_manager.o(i.pm_sm_evt_handler) referenced from security_manager.o(.constdata)
 <LI><a href="#[89]">read</a> from nrf_fstorage_sd.o(i.read) referenced from nrf_fstorage_sd.o(.constdata)
 <LI><a href="#[8c]">rmap</a> from nrf_fstorage_sd.o(i.rmap) referenced from nrf_fstorage_sd.o(.constdata)
 <LI><a href="#[66]">rr_interval_timeout_handler</a> from ble_service.o(i.rr_interval_timeout_handler) referenced from ble_service.o(i.timers_init)
 <LI><a href="#[47]">rtc_irq</a> from app_timer2.o(i.rtc_irq) referenced from app_timer2.o(i.app_timer_init)
 <LI><a href="#[5d]">saadc_callback</a> from sample.o(i.saadc_callback) referenced from sample.o(i.saadc_init)
 <LI><a href="#[60]">sc_send_pending_handle</a> from gatt_cache_manager.o(i.sc_send_pending_handle) referenced from gatt_cache_manager.o(i.service_changed_pending_flags_check)
 <LI><a href="#[b2]">sd_state_evt_handler</a> from nrf_drv_clock.o(i.sd_state_evt_handler) referenced 2 times from nrf_drv_clock.o(sdh_state_observers0)
 <LI><a href="#[4c]">sdc_handler</a> from nrf_block_dev_sdc.o(i.sdc_handler) referenced from nrf_block_dev_sdc.o(i.block_dev_sdc_init)
 <LI><a href="#[6f]">sm_pdb_evt_handler</a> from security_manager.o(i.sm_pdb_evt_handler) referenced from peer_database.o(.constdata)
 <LI><a href="#[72]">sm_smd_evt_handler</a> from security_manager.o(i.sm_smd_evt_handler) referenced from security_dispatcher.o(.constdata)
 <LI><a href="#[ae]">soc_evt_handler</a> from nrf_drv_clock.o(i.soc_evt_handler) referenced from nrf_drv_clock.o(sdh_soc_observers0)
 <LI><a href="#[46]">spi_handler</a> from app_sdcard.o(i.spi_handler) referenced from app_sdcard.o(i.app_sdc_init)
 <LI><a href="#[57]">spim_evt_handler</a> from nrf_drv_spi.o(i.spim_evt_handler) referenced from nrf_drv_spi.o(i.nrf_drv_spi_init)
 <LI><a href="#[4a]">throughput_timer_handler</a> from ble_service.o(i.throughput_timer_handler) referenced from ble_service.o(i.ble_app_init)
 <LI><a href="#[5e]">timer_handler</a> from sample.o(i.timer_handler) referenced from sample.o(i.saadc_sampling_event_init)
 <LI><a href="#[67]">uart_event_handle</a> from ble_service.o(i.uart_event_handle) referenced from ble_service.o(i.uart_init)
 <LI><a href="#[48]">uart_event_handler</a> from app_uart_fifo.o(i.uart_event_handler) referenced from app_uart_fifo.o(i.app_uart_init)
 <LI><a href="#[59]">uart_evt_handler</a> from nrf_drv_uart.o(i.uart_evt_handler) referenced from nrf_drv_uart.o(i.nrf_drv_uart_init)
 <LI><a href="#[58]">uarte_evt_handler</a> from nrf_drv_uart.o(i.uarte_evt_handler) referenced from nrf_drv_uart.o(i.nrf_drv_uart_init)
 <LI><a href="#[88]">uninit</a> from nrf_fstorage_sd.o(i.uninit) referenced from nrf_fstorage_sd.o(.constdata)
 <LI><a href="#[4b]">update_timeout_handler</a> from ble_conn_params.o(i.update_timeout_handler) referenced from ble_conn_params.o(i.ble_conn_params_init)
 <LI><a href="#[8d]">wmap</a> from nrf_fstorage_sd.o(i.wmap) referenced from nrf_fstorage_sd.o(.constdata)
 <LI><a href="#[8a]">write</a> from nrf_fstorage_sd.o(i.write) referenced from nrf_fstorage_sd.o(.constdata)
</UL>
<P>
<H3>
Global Symbols
</H3>
<P><STRONG><a name="[3a]"></a>__main</STRONG> (Thumb, 0 bytes, Stack size unknown bytes, entry.o(.ARM.Collect$$$$00000000))
<BR>[Address Reference Count : 1]<UL><LI> arm_startup_nrf52840.o(.text)
</UL>
<P><STRONG><a name="[447]"></a>_main_stk</STRONG> (Thumb, 0 bytes, Stack size unknown bytes, entry2.o(.ARM.Collect$$$$00000001))

<P><STRONG><a name="[b5]"></a>_main_scatterload</STRONG> (Thumb, 0 bytes, Stack size unknown bytes, entry5.o(.ARM.Collect$$$$00000004))
<BR><BR>[Calls]<UL><LI><a href="#[b6]">&gt;&gt;</a>&nbsp;&nbsp;&nbsp;__scatterload
</UL>

<P><STRONG><a name="[c0]"></a>__main_after_scatterload</STRONG> (Thumb, 0 bytes, Stack size unknown bytes, entry5.o(.ARM.Collect$$$$00000004))
<BR><BR>[Called By]<UL><LI><a href="#[b6]">&gt;&gt;</a>&nbsp;&nbsp;&nbsp;__scatterload
</UL>

<P><STRONG><a name="[448]"></a>_main_clock</STRONG> (Thumb, 0 bytes, Stack size unknown bytes, entry7b.o(.ARM.Collect$$$$00000008))

<P><STRONG><a name="[449]"></a>_main_cpp_init</STRONG> (Thumb, 0 bytes, Stack size unknown bytes, entry8b.o(.ARM.Collect$$$$0000000A))

<P><STRONG><a name="[44a]"></a>_main_init</STRONG> (Thumb, 0 bytes, Stack size unknown bytes, entry9a.o(.ARM.Collect$$$$0000000B))

<P><STRONG><a name="[44b]"></a>__rt_lib_shutdown_fini</STRONG> (Thumb, 0 bytes, Stack size unknown bytes, entry12b.o(.ARM.Collect$$$$0000000E))

<P><STRONG><a name="[44c]"></a>__rt_final_cpp</STRONG> (Thumb, 0 bytes, Stack size unknown bytes, entry10a.o(.ARM.Collect$$$$0000000F))

<P><STRONG><a name="[44d]"></a>__rt_final_exit</STRONG> (Thumb, 0 bytes, Stack size unknown bytes, entry11a.o(.ARM.Collect$$$$00000011))

<P><STRONG><a name="[b7]"></a>app_error_handler</STRONG> (Thumb, 26 bytes, Stack size 0 bytes, app_error_handler_keil.o(.emb_text))
<BR><BR>[Stack]<UL><LI>Max Depth = 28<LI>Call Chain = app_error_handler &rArr; app_error_fault_handler &rArr; app_error_save_and_stop
</UL>
<BR>[Calls]<UL><LI><a href="#[5a]">&gt;&gt;</a>&nbsp;&nbsp;&nbsp;app_error_fault_handler
</UL>
<BR>[Called By]<UL><LI><a href="#[1d6]">&gt;&gt;</a>&nbsp;&nbsp;&nbsp;timers_init
<LI><a href="#[225]">&gt;&gt;</a>&nbsp;&nbsp;&nbsp;sleep_mode_enter
<LI><a href="#[1dc]">&gt;&gt;</a>&nbsp;&nbsp;&nbsp;services_init
<LI><a href="#[1d8]">&gt;&gt;</a>&nbsp;&nbsp;&nbsp;power_management_init
<LI><a href="#[1df]">&gt;&gt;</a>&nbsp;&nbsp;&nbsp;peer_manager_init
<LI><a href="#[51]">&gt;&gt;</a>&nbsp;&nbsp;&nbsp;on_conn_params_evt
<LI><a href="#[43]">&gt;&gt;</a>&nbsp;&nbsp;&nbsp;on_adv_evt
<LI><a href="#[62]">&gt;&gt;</a>&nbsp;&nbsp;&nbsp;nus_data_handler
<LI><a href="#[61]">&gt;&gt;</a>&nbsp;&nbsp;&nbsp;nrf_qwr_error_handler
<LI><a href="#[65]">&gt;&gt;</a>&nbsp;&nbsp;&nbsp;heart_rate_meas_timeout_handler
<LI><a href="#[1db]">&gt;&gt;</a>&nbsp;&nbsp;&nbsp;gatt_init
<LI><a href="#[1da]">&gt;&gt;</a>&nbsp;&nbsp;&nbsp;gap_params_init
<LI><a href="#[160]">&gt;&gt;</a>&nbsp;&nbsp;&nbsp;delete_bonds
<LI><a href="#[1de]">&gt;&gt;</a>&nbsp;&nbsp;&nbsp;conn_params_init
<LI><a href="#[52]">&gt;&gt;</a>&nbsp;&nbsp;&nbsp;conn_params_error_handler
<LI><a href="#[1d7]">&gt;&gt;</a>&nbsp;&nbsp;&nbsp;buttons_leds_init
<LI><a href="#[1d9]">&gt;&gt;</a>&nbsp;&nbsp;&nbsp;ble_stack_init
<LI><a href="#[ac]">&gt;&gt;</a>&nbsp;&nbsp;&nbsp;ble_evt_handler
<LI><a href="#[198]">&gt;&gt;</a>&nbsp;&nbsp;&nbsp;application_timers_start
<LI><a href="#[15b]">&gt;&gt;</a>&nbsp;&nbsp;&nbsp;advertising_init
<LI><a href="#[300]">&gt;&gt;</a>&nbsp;&nbsp;&nbsp;uart_init
<LI><a href="#[2cf]">&gt;&gt;</a>&nbsp;&nbsp;&nbsp;idle_state_handle
<LI><a href="#[40a]">&gt;&gt;</a>&nbsp;&nbsp;&nbsp;saadc_sampling_event_init
<LI><a href="#[409]">&gt;&gt;</a>&nbsp;&nbsp;&nbsp;saadc_sampling_event_enable
<LI><a href="#[408]">&gt;&gt;</a>&nbsp;&nbsp;&nbsp;saadc_sampling_event_disable
<LI><a href="#[407]">&gt;&gt;</a>&nbsp;&nbsp;&nbsp;saadc_init
<LI><a href="#[5d]">&gt;&gt;</a>&nbsp;&nbsp;&nbsp;saadc_callback
<LI><a href="#[3dd]">&gt;&gt;</a>&nbsp;&nbsp;&nbsp;pm_handler_on_pm_evt
<LI><a href="#[3de]">&gt;&gt;</a>&nbsp;&nbsp;&nbsp;pm_handler_flash_clean
<LI><a href="#[188]">&gt;&gt;</a>&nbsp;&nbsp;&nbsp;app_uart_get
<LI><a href="#[67]">&gt;&gt;</a>&nbsp;&nbsp;&nbsp;uart_event_handle
<LI><a href="#[4a]">&gt;&gt;</a>&nbsp;&nbsp;&nbsp;throughput_timer_handler
<LI><a href="#[50]">&gt;&gt;</a>&nbsp;&nbsp;&nbsp;bsp_event_handler
<LI><a href="#[15f]">&gt;&gt;</a>&nbsp;&nbsp;&nbsp;advertising_start
<LI><a href="#[a2]">&gt;&gt;</a>&nbsp;&nbsp;&nbsp;ble_evt_handler
<LI><a href="#[14e]">&gt;&gt;</a>&nbsp;&nbsp;&nbsp;_conn_secure
<LI><a href="#[46]">&gt;&gt;</a>&nbsp;&nbsp;&nbsp;spi_handler
<LI><a href="#[412]">&gt;&gt;</a>&nbsp;&nbsp;&nbsp;sdc_spi_transfer
<LI><a href="#[418]">&gt;&gt;</a>&nbsp;&nbsp;&nbsp;sdc_pt_write
<LI><a href="#[417]">&gt;&gt;</a>&nbsp;&nbsp;&nbsp;sdc_pt_read
<LI><a href="#[414]">&gt;&gt;</a>&nbsp;&nbsp;&nbsp;sdc_pt_identification
<LI><a href="#[176]">&gt;&gt;</a>&nbsp;&nbsp;&nbsp;app_sdc_init
<LI><a href="#[175]">&gt;&gt;</a>&nbsp;&nbsp;&nbsp;app_sdc_block_write
<LI><a href="#[173]">&gt;&gt;</a>&nbsp;&nbsp;&nbsp;app_sdc_block_read
<LI><a href="#[4c]">&gt;&gt;</a>&nbsp;&nbsp;&nbsp;sdc_handler
<LI><a href="#[b1]">&gt;&gt;</a>&nbsp;&nbsp;&nbsp;nrf_sdh_soc_evts_poll
<LI><a href="#[b0]">&gt;&gt;</a>&nbsp;&nbsp;&nbsp;nrf_sdh_ble_evts_poll
<LI><a href="#[367]">&gt;&gt;</a>&nbsp;&nbsp;&nbsp;softdevices_evt_irq_enable
<LI><a href="#[366]">&gt;&gt;</a>&nbsp;&nbsp;&nbsp;softdevice_evt_irq_disable
</UL>

<P><STRONG><a name="[309]"></a>__asm___12_nrf_atfifo_c_51f461e1__nrf_atfifo_wspace_req</STRONG> (Thumb, 56 bytes, Stack size 0 bytes, nrf_atfifo.o(.emb_text))
<BR><BR>[Called By]<UL><LI><a href="#[263]">&gt;&gt;</a>&nbsp;&nbsp;&nbsp;nrf_atfifo_item_alloc
</UL>

<P><STRONG><a name="[b8]"></a>__asm___12_nrf_atfifo_c_51f461e1__nrf_atfifo_wspace_close</STRONG> (Thumb, 18 bytes, Stack size 0 bytes, nrf_atfifo.o(.emb_text))
<BR><BR>[Calls]<UL><LI><a href="#[b8]">&gt;&gt;</a>&nbsp;&nbsp;&nbsp;__asm___12_nrf_atfifo_c_51f461e1__nrf_atfifo_wspace_close
</UL>
<BR>[Called By]<UL><LI><a href="#[264]">&gt;&gt;</a>&nbsp;&nbsp;&nbsp;nrf_atfifo_item_put
<LI><a href="#[b8]">&gt;&gt;</a>&nbsp;&nbsp;&nbsp;__asm___12_nrf_atfifo_c_51f461e1__nrf_atfifo_wspace_close
</UL>

<P><STRONG><a name="[30c]"></a>__asm___12_nrf_atfifo_c_51f461e1__nrf_atfifo_rspace_req</STRONG> (Thumb, 58 bytes, Stack size 0 bytes, nrf_atfifo.o(.emb_text))
<BR><BR>[Called By]<UL><LI><a href="#[30b]">&gt;&gt;</a>&nbsp;&nbsp;&nbsp;nrf_atfifo_item_get
</UL>

<P><STRONG><a name="[b9]"></a>__asm___12_nrf_atfifo_c_51f461e1__nrf_atfifo_rspace_close</STRONG> (Thumb, 18 bytes, Stack size 0 bytes, nrf_atfifo.o(.emb_text))
<BR><BR>[Calls]<UL><LI><a href="#[b9]">&gt;&gt;</a>&nbsp;&nbsp;&nbsp;__asm___12_nrf_atfifo_c_51f461e1__nrf_atfifo_rspace_close
</UL>
<BR>[Called By]<UL><LI><a href="#[30a]">&gt;&gt;</a>&nbsp;&nbsp;&nbsp;nrf_atfifo_item_free
<LI><a href="#[b9]">&gt;&gt;</a>&nbsp;&nbsp;&nbsp;__asm___12_nrf_atfifo_c_51f461e1__nrf_atfifo_rspace_close
</UL>

<P><STRONG><a name="[308]"></a>__asm___12_nrf_atfifo_c_51f461e1__nrf_atfifo_space_clear</STRONG> (Thumb, 50 bytes, Stack size 0 bytes, nrf_atfifo.o(.emb_text))
<BR><BR>[Called By]<UL><LI><a href="#[307]">&gt;&gt;</a>&nbsp;&nbsp;&nbsp;nrf_atfifo_clear
</UL>

<P><STRONG><a name="[314]"></a>__asm___12_nrf_atomic_c_85ca2469__nrf_atomic_internal_mov</STRONG> (Thumb, 24 bytes, Stack size 0 bytes, nrf_atomic.o(.emb_text))
<BR><BR>[Called By]<UL><LI><a href="#[22f]">&gt;&gt;</a>&nbsp;&nbsp;&nbsp;nrf_atomic_u32_fetch_store
</UL>

<P><STRONG><a name="[313]"></a>__asm___12_nrf_atomic_c_85ca2469__nrf_atomic_internal_orr</STRONG> (Thumb, 26 bytes, Stack size 0 bytes, nrf_atomic.o(.emb_text))
<BR><BR>[Called By]<UL><LI><a href="#[30f]">&gt;&gt;</a>&nbsp;&nbsp;&nbsp;nrf_atomic_u32_or
<LI><a href="#[30e]">&gt;&gt;</a>&nbsp;&nbsp;&nbsp;nrf_atomic_u32_fetch_or
</UL>

<P><STRONG><a name="[311]"></a>__asm___12_nrf_atomic_c_85ca2469__nrf_atomic_internal_and</STRONG> (Thumb, 26 bytes, Stack size 0 bytes, nrf_atomic.o(.emb_text))
<BR><BR>[Called By]<UL><LI><a href="#[30d]">&gt;&gt;</a>&nbsp;&nbsp;&nbsp;nrf_atomic_u32_and
</UL>

<P><STRONG><a name="[44e]"></a>__asm___12_nrf_atomic_c_85ca2469__nrf_atomic_internal_eor</STRONG> (Thumb, 26 bytes, Stack size 0 bytes, nrf_atomic.o(.emb_text), UNUSED)

<P><STRONG><a name="[310]"></a>__asm___12_nrf_atomic_c_85ca2469__nrf_atomic_internal_add</STRONG> (Thumb, 26 bytes, Stack size 0 bytes, nrf_atomic.o(.emb_text))
<BR><BR>[Called By]<UL><LI><a href="#[312]">&gt;&gt;</a>&nbsp;&nbsp;&nbsp;nrf_atomic_u32_fetch_add
<LI><a href="#[28b]">&gt;&gt;</a>&nbsp;&nbsp;&nbsp;nrf_atomic_u32_add
</UL>

<P><STRONG><a name="[316]"></a>__asm___12_nrf_atomic_c_85ca2469__nrf_atomic_internal_sub</STRONG> (Thumb, 26 bytes, Stack size 0 bytes, nrf_atomic.o(.emb_text))
<BR><BR>[Called By]<UL><LI><a href="#[315]">&gt;&gt;</a>&nbsp;&nbsp;&nbsp;nrf_atomic_u32_sub
</UL>

<P><STRONG><a name="[44f]"></a>__asm___12_nrf_atomic_c_85ca2469__nrf_atomic_internal_cmp_exch</STRONG> (Thumb, 42 bytes, Stack size 0 bytes, nrf_atomic.o(.emb_text), UNUSED)

<P><STRONG><a name="[450]"></a>__asm___12_nrf_atomic_c_85ca2469__nrf_atomic_internal_sub_hs</STRONG> (Thumb, 30 bytes, Stack size 0 bytes, nrf_atomic.o(.emb_text), UNUSED)

<P><STRONG><a name="[3]"></a>Reset_Handler</STRONG> (Thumb, 8 bytes, Stack size 0 bytes, arm_startup_nrf52840.o(.text))
<BR>[Address Reference Count : 1]<UL><LI> arm_startup_nrf52840.o(RESET)
</UL>
<P><STRONG><a name="[4]"></a>NMI_Handler</STRONG> (Thumb, 2 bytes, Stack size 0 bytes, arm_startup_nrf52840.o(.text))
<BR><BR>[Calls]<UL><LI><a href="#[4]">&gt;&gt;</a>&nbsp;&nbsp;&nbsp;NMI_Handler
</UL>
<BR>[Called By]<UL><LI><a href="#[4]">&gt;&gt;</a>&nbsp;&nbsp;&nbsp;NMI_Handler
</UL>
<BR>[Address Reference Count : 1]<UL><LI> arm_startup_nrf52840.o(RESET)
</UL>
<P><STRONG><a name="[5]"></a>HardFault_Handler</STRONG> (Thumb, 2 bytes, Stack size 0 bytes, arm_startup_nrf52840.o(.text))
<BR><BR>[Calls]<UL><LI><a href="#[5]">&gt;&gt;</a>&nbsp;&nbsp;&nbsp;HardFault_Handler
</UL>
<BR>[Called By]<UL><LI><a href="#[5]">&gt;&gt;</a>&nbsp;&nbsp;&nbsp;HardFault_Handler
</UL>
<BR>[Address Reference Count : 1]<UL><LI> arm_startup_nrf52840.o(RESET)
</UL>
<P><STRONG><a name="[6]"></a>MemoryManagement_Handler</STRONG> (Thumb, 2 bytes, Stack size 0 bytes, arm_startup_nrf52840.o(.text))
<BR><BR>[Calls]<UL><LI><a href="#[6]">&gt;&gt;</a>&nbsp;&nbsp;&nbsp;MemoryManagement_Handler
</UL>
<BR>[Called By]<UL><LI><a href="#[6]">&gt;&gt;</a>&nbsp;&nbsp;&nbsp;MemoryManagement_Handler
</UL>
<BR>[Address Reference Count : 1]<UL><LI> arm_startup_nrf52840.o(RESET)
</UL>
<P><STRONG><a name="[7]"></a>BusFault_Handler</STRONG> (Thumb, 2 bytes, Stack size 0 bytes, arm_startup_nrf52840.o(.text))
<BR><BR>[Calls]<UL><LI><a href="#[7]">&gt;&gt;</a>&nbsp;&nbsp;&nbsp;BusFault_Handler
</UL>
<BR>[Called By]<UL><LI><a href="#[7]">&gt;&gt;</a>&nbsp;&nbsp;&nbsp;BusFault_Handler
</UL>
<BR>[Address Reference Count : 1]<UL><LI> arm_startup_nrf52840.o(RESET)
</UL>
<P><STRONG><a name="[8]"></a>UsageFault_Handler</STRONG> (Thumb, 2 bytes, Stack size 0 bytes, arm_startup_nrf52840.o(.text))
<BR><BR>[Calls]<UL><LI><a href="#[8]">&gt;&gt;</a>&nbsp;&nbsp;&nbsp;UsageFault_Handler
</UL>
<BR>[Called By]<UL><LI><a href="#[8]">&gt;&gt;</a>&nbsp;&nbsp;&nbsp;UsageFault_Handler
</UL>
<BR>[Address Reference Count : 1]<UL><LI> arm_startup_nrf52840.o(RESET)
</UL>
<P><STRONG><a name="[9]"></a>SVC_Handler</STRONG> (Thumb, 2 bytes, Stack size 0 bytes, arm_startup_nrf52840.o(.text))
<BR><BR>[Calls]<UL><LI><a href="#[9]">&gt;&gt;</a>&nbsp;&nbsp;&nbsp;SVC_Handler
</UL>
<BR>[Called By]<UL><LI><a href="#[9]">&gt;&gt;</a>&nbsp;&nbsp;&nbsp;SVC_Handler
</UL>
<BR>[Address Reference Count : 1]<UL><LI> arm_startup_nrf52840.o(RESET)
</UL>
<P><STRONG><a name="[a]"></a>DebugMon_Handler</STRONG> (Thumb, 2 bytes, Stack size 0 bytes, arm_startup_nrf52840.o(.text))
<BR><BR>[Calls]<UL><LI><a href="#[a]">&gt;&gt;</a>&nbsp;&nbsp;&nbsp;DebugMon_Handler
</UL>
<BR>[Called By]<UL><LI><a href="#[a]">&gt;&gt;</a>&nbsp;&nbsp;&nbsp;DebugMon_Handler
</UL>
<BR>[Address Reference Count : 1]<UL><LI> arm_startup_nrf52840.o(RESET)
</UL>
<P><STRONG><a name="[b]"></a>PendSV_Handler</STRONG> (Thumb, 2 bytes, Stack size 0 bytes, arm_startup_nrf52840.o(.text))
<BR><BR>[Calls]<UL><LI><a href="#[b]">&gt;&gt;</a>&nbsp;&nbsp;&nbsp;PendSV_Handler
</UL>
<BR>[Called By]<UL><LI><a href="#[b]">&gt;&gt;</a>&nbsp;&nbsp;&nbsp;PendSV_Handler
</UL>
<BR>[Address Reference Count : 1]<UL><LI> arm_startup_nrf52840.o(RESET)
</UL>
<P><STRONG><a name="[c]"></a>SysTick_Handler</STRONG> (Thumb, 2 bytes, Stack size 0 bytes, arm_startup_nrf52840.o(.text))
<BR><BR>[Calls]<UL><LI><a href="#[c]">&gt;&gt;</a>&nbsp;&nbsp;&nbsp;SysTick_Handler
</UL>
<BR>[Called By]<UL><LI><a href="#[c]">&gt;&gt;</a>&nbsp;&nbsp;&nbsp;SysTick_Handler
</UL>
<BR>[Address Reference Count : 1]<UL><LI> arm_startup_nrf52840.o(RESET)
</UL>
<P><STRONG><a name="[1c]"></a>CCM_AAR_IRQHandler</STRONG> (Thumb, 0 bytes, Stack size 0 bytes, arm_startup_nrf52840.o(.text))
<BR><BR>[Calls]<UL><LI><a href="#[1c]">&gt;&gt;</a>&nbsp;&nbsp;&nbsp;CCM_AAR_IRQHandler
</UL>
<BR>[Called By]<UL><LI><a href="#[1c]">&gt;&gt;</a>&nbsp;&nbsp;&nbsp;CCM_AAR_IRQHandler
</UL>
<BR>[Address Reference Count : 1]<UL><LI> arm_startup_nrf52840.o(RESET)
</UL>
<P><STRONG><a name="[20]"></a>COMP_LPCOMP_IRQHandler</STRONG> (Thumb, 0 bytes, Stack size 0 bytes, arm_startup_nrf52840.o(.text))
<BR>[Address Reference Count : 1]<UL><LI> arm_startup_nrf52840.o(RESET)
</UL>
<P><STRONG><a name="[1b]"></a>ECB_IRQHandler</STRONG> (Thumb, 0 bytes, Stack size 0 bytes, arm_startup_nrf52840.o(.text))
<BR>[Address Reference Count : 1]<UL><LI> arm_startup_nrf52840.o(RESET)
</UL>
<P><STRONG><a name="[31]"></a>FPU_IRQHandler</STRONG> (Thumb, 0 bytes, Stack size 0 bytes, arm_startup_nrf52840.o(.text))
<BR>[Address Reference Count : 1]<UL><LI> arm_startup_nrf52840.o(RESET)
</UL>
<P><STRONG><a name="[30]"></a>I2S_IRQHandler</STRONG> (Thumb, 0 bytes, Stack size 0 bytes, arm_startup_nrf52840.o(.text))
<BR>[Address Reference Count : 1]<UL><LI> arm_startup_nrf52840.o(RESET)
</UL>
<P><STRONG><a name="[2b]"></a>MWU_IRQHandler</STRONG> (Thumb, 0 bytes, Stack size 0 bytes, arm_startup_nrf52840.o(.text))
<BR>[Address Reference Count : 1]<UL><LI> arm_startup_nrf52840.o(RESET)
</UL>
<P><STRONG><a name="[12]"></a>NFCT_IRQHandler</STRONG> (Thumb, 0 bytes, Stack size 0 bytes, arm_startup_nrf52840.o(.text))
<BR>[Address Reference Count : 1]<UL><LI> arm_startup_nrf52840.o(RESET)
</UL>
<P><STRONG><a name="[2a]"></a>PDM_IRQHandler</STRONG> (Thumb, 0 bytes, Stack size 0 bytes, arm_startup_nrf52840.o(.text))
<BR>[Address Reference Count : 1]<UL><LI> arm_startup_nrf52840.o(RESET)
</UL>
<P><STRONG><a name="[29]"></a>PWM0_IRQHandler</STRONG> (Thumb, 0 bytes, Stack size 0 bytes, arm_startup_nrf52840.o(.text))
<BR>[Address Reference Count : 1]<UL><LI> arm_startup_nrf52840.o(RESET)
</UL>
<P><STRONG><a name="[2c]"></a>PWM1_IRQHandler</STRONG> (Thumb, 0 bytes, Stack size 0 bytes, arm_startup_nrf52840.o(.text))
<BR>[Address Reference Count : 1]<UL><LI> arm_startup_nrf52840.o(RESET)
</UL>
<P><STRONG><a name="[2d]"></a>PWM2_IRQHandler</STRONG> (Thumb, 0 bytes, Stack size 0 bytes, arm_startup_nrf52840.o(.text))
<BR>[Address Reference Count : 1]<UL><LI> arm_startup_nrf52840.o(RESET)
</UL>
<P><STRONG><a name="[36]"></a>PWM3_IRQHandler</STRONG> (Thumb, 0 bytes, Stack size 0 bytes, arm_startup_nrf52840.o(.text))
<BR>[Address Reference Count : 1]<UL><LI> arm_startup_nrf52840.o(RESET)
</UL>
<P><STRONG><a name="[1f]"></a>QDEC_IRQHandler</STRONG> (Thumb, 0 bytes, Stack size 0 bytes, arm_startup_nrf52840.o(.text))
<BR>[Address Reference Count : 1]<UL><LI> arm_startup_nrf52840.o(RESET)
</UL>
<P><STRONG><a name="[34]"></a>QSPI_IRQHandler</STRONG> (Thumb, 0 bytes, Stack size 0 bytes, arm_startup_nrf52840.o(.text))
<BR>[Address Reference Count : 1]<UL><LI> arm_startup_nrf52840.o(RESET)
</UL>
<P><STRONG><a name="[e]"></a>RADIO_IRQHandler</STRONG> (Thumb, 0 bytes, Stack size 0 bytes, arm_startup_nrf52840.o(.text))
<BR>[Address Reference Count : 1]<UL><LI> arm_startup_nrf52840.o(RESET)
</UL>
<P><STRONG><a name="[18]"></a>RTC0_IRQHandler</STRONG> (Thumb, 0 bytes, Stack size 0 bytes, arm_startup_nrf52840.o(.text))
<BR>[Address Reference Count : 1]<UL><LI> arm_startup_nrf52840.o(RESET)
</UL>
<P><STRONG><a name="[2f]"></a>RTC2_IRQHandler</STRONG> (Thumb, 0 bytes, Stack size 0 bytes, arm_startup_nrf52840.o(.text))
<BR>[Address Reference Count : 1]<UL><LI> arm_startup_nrf52840.o(RESET)
</UL>
<P><STRONG><a name="[11]"></a>SPIM1_SPIS1_TWIM1_TWIS1_SPI1_TWI1_IRQHandler</STRONG> (Thumb, 0 bytes, Stack size 0 bytes, arm_startup_nrf52840.o(.text))
<BR>[Address Reference Count : 1]<UL><LI> arm_startup_nrf52840.o(RESET)
</UL>
<P><STRONG><a name="[2e]"></a>SPIM2_SPIS2_SPI2_IRQHandler</STRONG> (Thumb, 0 bytes, Stack size 0 bytes, arm_startup_nrf52840.o(.text))
<BR>[Address Reference Count : 1]<UL><LI> arm_startup_nrf52840.o(RESET)
</UL>
<P><STRONG><a name="[37]"></a>SPIM3_IRQHandler</STRONG> (Thumb, 0 bytes, Stack size 0 bytes, arm_startup_nrf52840.o(.text))
<BR>[Address Reference Count : 1]<UL><LI> arm_startup_nrf52840.o(RESET)
</UL>
<P><STRONG><a name="[21]"></a>SWI0_EGU0_IRQHandler</STRONG> (Thumb, 0 bytes, Stack size 0 bytes, arm_startup_nrf52840.o(.text))
<BR>[Address Reference Count : 1]<UL><LI> arm_startup_nrf52840.o(RESET)
</UL>
<P><STRONG><a name="[22]"></a>SWI1_EGU1_IRQHandler</STRONG> (Thumb, 0 bytes, Stack size 0 bytes, arm_startup_nrf52840.o(.text))
<BR>[Address Reference Count : 1]<UL><LI> arm_startup_nrf52840.o(RESET)
</UL>
<P><STRONG><a name="[24]"></a>SWI3_EGU3_IRQHandler</STRONG> (Thumb, 0 bytes, Stack size 0 bytes, arm_startup_nrf52840.o(.text))
<BR>[Address Reference Count : 1]<UL><LI> arm_startup_nrf52840.o(RESET)
</UL>
<P><STRONG><a name="[25]"></a>SWI4_EGU4_IRQHandler</STRONG> (Thumb, 0 bytes, Stack size 0 bytes, arm_startup_nrf52840.o(.text))
<BR>[Address Reference Count : 1]<UL><LI> arm_startup_nrf52840.o(RESET)
</UL>
<P><STRONG><a name="[26]"></a>SWI5_EGU5_IRQHandler</STRONG> (Thumb, 0 bytes, Stack size 0 bytes, arm_startup_nrf52840.o(.text))
<BR>[Address Reference Count : 1]<UL><LI> arm_startup_nrf52840.o(RESET)
</UL>
<P><STRONG><a name="[19]"></a>TEMP_IRQHandler</STRONG> (Thumb, 0 bytes, Stack size 0 bytes, arm_startup_nrf52840.o(.text))
<BR>[Address Reference Count : 1]<UL><LI> arm_startup_nrf52840.o(RESET)
</UL>
<P><STRONG><a name="[17]"></a>TIMER2_IRQHandler</STRONG> (Thumb, 0 bytes, Stack size 0 bytes, arm_startup_nrf52840.o(.text))
<BR>[Address Reference Count : 1]<UL><LI> arm_startup_nrf52840.o(RESET)
</UL>
<P><STRONG><a name="[27]"></a>TIMER3_IRQHandler</STRONG> (Thumb, 0 bytes, Stack size 0 bytes, arm_startup_nrf52840.o(.text))
<BR>[Address Reference Count : 1]<UL><LI> arm_startup_nrf52840.o(RESET)
</UL>
<P><STRONG><a name="[28]"></a>TIMER4_IRQHandler</STRONG> (Thumb, 0 bytes, Stack size 0 bytes, arm_startup_nrf52840.o(.text))
<BR>[Address Reference Count : 1]<UL><LI> arm_startup_nrf52840.o(RESET)
</UL>
<P><STRONG><a name="[33]"></a>UARTE1_IRQHandler</STRONG> (Thumb, 0 bytes, Stack size 0 bytes, arm_startup_nrf52840.o(.text))
<BR>[Address Reference Count : 1]<UL><LI> arm_startup_nrf52840.o(RESET)
</UL>
<P><STRONG><a name="[32]"></a>USBD_IRQHandler</STRONG> (Thumb, 0 bytes, Stack size 0 bytes, arm_startup_nrf52840.o(.text))
<BR>[Address Reference Count : 1]<UL><LI> arm_startup_nrf52840.o(RESET)
</UL>
<P><STRONG><a name="[1d]"></a>WDT_IRQHandler</STRONG> (Thumb, 0 bytes, Stack size 0 bytes, arm_startup_nrf52840.o(.text))
<BR>[Address Reference Count : 1]<UL><LI> arm_startup_nrf52840.o(RESET)
</UL>
<P><STRONG><a name="[ba]"></a>__aeabi_uldivmod</STRONG> (Thumb, 98 bytes, Stack size 40 bytes, uldiv.o(.text))
<BR><BR>[Stack]<UL><LI>Max Depth = 40<LI>Call Chain = __aeabi_uldivmod
</UL>
<BR>[Calls]<UL><LI><a href="#[bb]">&gt;&gt;</a>&nbsp;&nbsp;&nbsp;__aeabi_llsr
<LI><a href="#[bc]">&gt;&gt;</a>&nbsp;&nbsp;&nbsp;__aeabi_llsl
</UL>
<BR>[Called By]<UL><LI><a href="#[226]">&gt;&gt;</a>&nbsp;&nbsp;&nbsp;bsp_led_indication
<LI><a href="#[1a6]">&gt;&gt;</a>&nbsp;&nbsp;&nbsp;ast_auth_error_notify
<LI><a href="#[14c]">&gt;&gt;</a>&nbsp;&nbsp;&nbsp;_printf_core
</UL>

<P><STRONG><a name="[bc]"></a>__aeabi_llsl</STRONG> (Thumb, 30 bytes, Stack size 0 bytes, llshl.o(.text))
<BR><BR>[Called By]<UL><LI><a href="#[24c]">&gt;&gt;</a>&nbsp;&nbsp;&nbsp;evt_handle
<LI><a href="#[ba]">&gt;&gt;</a>&nbsp;&nbsp;&nbsp;__aeabi_uldivmod
</UL>

<P><STRONG><a name="[451]"></a>_ll_shift_l</STRONG> (Thumb, 0 bytes, Stack size 0 bytes, llshl.o(.text), UNUSED)

<P><STRONG><a name="[bb]"></a>__aeabi_llsr</STRONG> (Thumb, 32 bytes, Stack size 0 bytes, llushr.o(.text))
<BR><BR>[Called By]<UL><LI><a href="#[40a]">&gt;&gt;</a>&nbsp;&nbsp;&nbsp;saadc_sampling_event_init
<LI><a href="#[ba]">&gt;&gt;</a>&nbsp;&nbsp;&nbsp;__aeabi_uldivmod
</UL>

<P><STRONG><a name="[452]"></a>_ll_ushift_r</STRONG> (Thumb, 0 bytes, Stack size 0 bytes, llushr.o(.text), UNUSED)

<P><STRONG><a name="[453]"></a>____aeabi_memcpy8$ret$move</STRONG> (Thumb, 0 bytes, Stack size 8 bytes, memmove.o(.text), UNUSED)

<P><STRONG><a name="[454]"></a>___aeabi_memmove4$ret</STRONG> (Thumb, 0 bytes, Stack size 8 bytes, memmove.o(.text), UNUSED)

<P><STRONG><a name="[455]"></a>___aeabi_memmove8$ret</STRONG> (Thumb, 0 bytes, Stack size 8 bytes, memmove.o(.text), UNUSED)

<P><STRONG><a name="[302]"></a>__aeabi_memcpy</STRONG> (Thumb, 66 bytes, Stack size 8 bytes, memmove.o(.text))
<BR><BR>[Stack]<UL><LI>Max Depth = 8<LI>Call Chain = __aeabi_memcpy
</UL>
<BR>[Called By]<UL><LI><a href="#[22b]">&gt;&gt;</a>&nbsp;&nbsp;&nbsp;pds_peer_data_read
<LI><a href="#[1c5]">&gt;&gt;</a>&nbsp;&nbsp;&nbsp;service_data_encode
<LI><a href="#[1c4]">&gt;&gt;</a>&nbsp;&nbsp;&nbsp;manuf_specific_data_encode
<LI><a href="#[82]">&gt;&gt;</a>&nbsp;&nbsp;&nbsp;nrf_crypto_backend_cc310_ecdh_compute
<LI><a href="#[80]">&gt;&gt;</a>&nbsp;&nbsp;&nbsp;nrf_crypto_backend_cc310_public_key_to_raw
<LI><a href="#[7e]">&gt;&gt;</a>&nbsp;&nbsp;&nbsp;nrf_crypto_backend_cc310_public_key_from_raw
<LI><a href="#[81]">&gt;&gt;</a>&nbsp;&nbsp;&nbsp;nrf_crypto_backend_cc310_ed25519_public_key_to_raw
<LI><a href="#[7f]">&gt;&gt;</a>&nbsp;&nbsp;&nbsp;nrf_crypto_backend_cc310_ed25519_public_key_from_raw
<LI><a href="#[7d]">&gt;&gt;</a>&nbsp;&nbsp;&nbsp;nrf_crypto_backend_cc310_ed25519_private_key_to_raw
<LI><a href="#[7c]">&gt;&gt;</a>&nbsp;&nbsp;&nbsp;nrf_crypto_backend_cc310_curve25519_key_to_raw
<LI><a href="#[79]">&gt;&gt;</a>&nbsp;&nbsp;&nbsp;nrf_crypto_backend_cc310_curve25519_key_from_raw
<LI><a href="#[32d]">&gt;&gt;</a>&nbsp;&nbsp;&nbsp;nrf_crypto_backend_cc310_ecc_public_key_convert
<LI><a href="#[35f]">&gt;&gt;</a>&nbsp;&nbsp;&nbsp;nrf_queue_push
<LI><a href="#[89]">&gt;&gt;</a>&nbsp;&nbsp;&nbsp;read
</UL>

<P><STRONG><a name="[18c]"></a>__aeabi_memcpy4</STRONG> (Thumb, 0 bytes, Stack size 8 bytes, memmove.o(.text))
<BR><BR>[Stack]<UL><LI>Max Depth = 8<LI>Call Chain = __aeabi_memcpy4
</UL>
<BR>[Called By]<UL><LI><a href="#[300]">&gt;&gt;</a>&nbsp;&nbsp;&nbsp;uart_init
<LI><a href="#[31c]">&gt;&gt;</a>&nbsp;&nbsp;&nbsp;on_data_length_update_evt
<LI><a href="#[1fb]">&gt;&gt;</a>&nbsp;&nbsp;&nbsp;im_ble_evt_handler
<LI><a href="#[1fd]">&gt;&gt;</a>&nbsp;&nbsp;&nbsp;gcm_ble_evt_handler
<LI><a href="#[40d]">&gt;&gt;</a>&nbsp;&nbsp;&nbsp;service_changed_send_in_evt
<LI><a href="#[2ff]">&gt;&gt;</a>&nbsp;&nbsp;&nbsp;send_unexpected_error
<LI><a href="#[245]">&gt;&gt;</a>&nbsp;&nbsp;&nbsp;local_db_update_in_evt
<LI><a href="#[1e2]">&gt;&gt;</a>&nbsp;&nbsp;&nbsp;ble_conn_params_init
<LI><a href="#[15d]">&gt;&gt;</a>&nbsp;&nbsp;&nbsp;ble_advertising_init
<LI><a href="#[18a]">&gt;&gt;</a>&nbsp;&nbsp;&nbsp;app_uart_init
<LI><a href="#[23b]">&gt;&gt;</a>&nbsp;&nbsp;&nbsp;conn_handle_list_get
<LI><a href="#[1f7]">&gt;&gt;</a>&nbsp;&nbsp;&nbsp;record_purge_disconnected
<LI><a href="#[3d4]">&gt;&gt;</a>&nbsp;&nbsp;&nbsp;send_unexpected_error
<LI><a href="#[268]">&gt;&gt;</a>&nbsp;&nbsp;&nbsp;new_evt
<LI><a href="#[1b3]">&gt;&gt;</a>&nbsp;&nbsp;&nbsp;send_unexpected_error
<LI><a href="#[1ba]">&gt;&gt;</a>&nbsp;&nbsp;&nbsp;send_storage_full_evt
<LI><a href="#[41e]">&gt;&gt;</a>&nbsp;&nbsp;&nbsp;send_params_req
<LI><a href="#[41f]">&gt;&gt;</a>&nbsp;&nbsp;&nbsp;sec_start_send
<LI><a href="#[23f]">&gt;&gt;</a>&nbsp;&nbsp;&nbsp;conn_sec_failure
<LI><a href="#[3e1]">&gt;&gt;</a>&nbsp;&nbsp;&nbsp;pm_handler_flash_clean_on_return
<LI><a href="#[77]">&gt;&gt;</a>&nbsp;&nbsp;&nbsp;nrf_crypto_backend_cc310_ed25519_public_key_calculate
<LI><a href="#[18d]">&gt;&gt;</a>&nbsp;&nbsp;&nbsp;nrf_drv_uart_init
</UL>

<P><STRONG><a name="[206]"></a>__aeabi_memmove</STRONG> (Thumb, 0 bytes, Stack size 8 bytes, memmove.o(.text))
<BR><BR>[Stack]<UL><LI>Max Depth = 8<LI>Call Chain = __aeabi_memmove
</UL>
<BR>[Called By]<UL><LI><a href="#[205]">&gt;&gt;</a>&nbsp;&nbsp;&nbsp;ble_hrs_rr_interval_add
<LI><a href="#[1ff]">&gt;&gt;</a>&nbsp;&nbsp;&nbsp;hrm_encode
</UL>

<P><STRONG><a name="[128]"></a>memcpy</STRONG> (Thumb, 0 bytes, Stack size 8 bytes, memmove.o(.text))
<BR><BR>[Stack]<UL><LI>Max Depth = 8<LI>Call Chain = memcpy
</UL>
<BR>[Called By]<UL><LI><a href="#[d4]">&gt;&gt;</a>&nbsp;&nbsp;&nbsp;SaSi_PalMemCopy
</UL>

<P><STRONG><a name="[129]"></a>memmove</STRONG> (Thumb, 0 bytes, Stack size 8 bytes, memmove.o(.text))
<BR><BR>[Stack]<UL><LI>Max Depth = 8<LI>Call Chain = memmove
</UL>
<BR>[Called By]<UL><LI><a href="#[c2]">&gt;&gt;</a>&nbsp;&nbsp;&nbsp;SaSi_PalMemMove
</UL>

<P><STRONG><a name="[be]"></a>__aeabi_memset</STRONG> (Thumb, 14 bytes, Stack size 0 bytes, memseta.o(.text))
<BR><BR>[Called By]<UL><LI><a href="#[bf]">&gt;&gt;</a>&nbsp;&nbsp;&nbsp;memset
<LI><a href="#[bd]">&gt;&gt;</a>&nbsp;&nbsp;&nbsp;__aeabi_memclr
</UL>

<P><STRONG><a name="[456]"></a>__aeabi_memset4</STRONG> (Thumb, 0 bytes, Stack size 0 bytes, memseta.o(.text), UNUSED)

<P><STRONG><a name="[457]"></a>__aeabi_memset8</STRONG> (Thumb, 0 bytes, Stack size 0 bytes, memseta.o(.text), UNUSED)

<P><STRONG><a name="[bd]"></a>__aeabi_memclr</STRONG> (Thumb, 4 bytes, Stack size 0 bytes, memseta.o(.text))
<BR><BR>[Calls]<UL><LI><a href="#[be]">&gt;&gt;</a>&nbsp;&nbsp;&nbsp;__aeabi_memset
</UL>
<BR>[Called By]<UL><LI><a href="#[41c]">&gt;&gt;</a>&nbsp;&nbsp;&nbsp;sec_keyset_fill
<LI><a href="#[290]">&gt;&gt;</a>&nbsp;&nbsp;&nbsp;fds_stat
</UL>

<P><STRONG><a name="[15c]"></a>__aeabi_memclr4</STRONG> (Thumb, 0 bytes, Stack size 0 bytes, memseta.o(.text))
<BR><BR>[Called By]<UL><LI><a href="#[1de]">&gt;&gt;</a>&nbsp;&nbsp;&nbsp;conn_params_init
<LI><a href="#[15b]">&gt;&gt;</a>&nbsp;&nbsp;&nbsp;advertising_init
<LI><a href="#[162]">&gt;&gt;</a>&nbsp;&nbsp;&nbsp;ah
<LI><a href="#[2ca]">&gt;&gt;</a>&nbsp;&nbsp;&nbsp;service_changed_pending_set
<LI><a href="#[1a5]">&gt;&gt;</a>&nbsp;&nbsp;&nbsp;local_db_apply_in_evt
<LI><a href="#[168]">&gt;&gt;</a>&nbsp;&nbsp;&nbsp;app_button_init
<LI><a href="#[247]">&gt;&gt;</a>&nbsp;&nbsp;&nbsp;pm_peers_delete
<LI><a href="#[208]">&gt;&gt;</a>&nbsp;&nbsp;&nbsp;ble_nus_init
<LI><a href="#[200]">&gt;&gt;</a>&nbsp;&nbsp;&nbsp;ble_hrs_init
<LI><a href="#[161]">&gt;&gt;</a>&nbsp;&nbsp;&nbsp;ble_advertising_start
<LI><a href="#[201]">&gt;&gt;</a>&nbsp;&nbsp;&nbsp;characteristic_add
<LI><a href="#[2e0]">&gt;&gt;</a>&nbsp;&nbsp;&nbsp;internal_state_reset
<LI><a href="#[6e]">&gt;&gt;</a>&nbsp;&nbsp;&nbsp;pm_pdb_evt_handler
<LI><a href="#[27e]">&gt;&gt;</a>&nbsp;&nbsp;&nbsp;fds_init
<LI><a href="#[5b]">&gt;&gt;</a>&nbsp;&nbsp;&nbsp;fds_evt_handler
<LI><a href="#[31e]">&gt;&gt;</a>&nbsp;&nbsp;&nbsp;nrf_ble_lesc_init
<LI><a href="#[268]">&gt;&gt;</a>&nbsp;&nbsp;&nbsp;new_evt
<LI><a href="#[42c]">&gt;&gt;</a>&nbsp;&nbsp;&nbsp;smd_params_reply
<LI><a href="#[1b7]">&gt;&gt;</a>&nbsp;&nbsp;&nbsp;send_config_req
<LI><a href="#[3e2]">&gt;&gt;</a>&nbsp;&nbsp;&nbsp;rank_highest
<LI><a href="#[3e0]">&gt;&gt;</a>&nbsp;&nbsp;&nbsp;pm_peer_rank_highest
<LI><a href="#[20a]">&gt;&gt;</a>&nbsp;&nbsp;&nbsp;on_write
<LI><a href="#[20b]">&gt;&gt;</a>&nbsp;&nbsp;&nbsp;on_hvx_tx_complete
<LI><a href="#[209]">&gt;&gt;</a>&nbsp;&nbsp;&nbsp;on_connect
<LI><a href="#[29f]">&gt;&gt;</a>&nbsp;&nbsp;&nbsp;queue_process
<LI><a href="#[27a]">&gt;&gt;</a>&nbsp;&nbsp;&nbsp;queue_buf_get
<LI><a href="#[8a]">&gt;&gt;</a>&nbsp;&nbsp;&nbsp;write
<LI><a href="#[88]">&gt;&gt;</a>&nbsp;&nbsp;&nbsp;uninit
<LI><a href="#[266]">&gt;&gt;</a>&nbsp;&nbsp;&nbsp;event_send
<LI><a href="#[8b]">&gt;&gt;</a>&nbsp;&nbsp;&nbsp;erase
</UL>

<P><STRONG><a name="[458]"></a>__aeabi_memclr8</STRONG> (Thumb, 0 bytes, Stack size 0 bytes, memseta.o(.text), UNUSED)

<P><STRONG><a name="[bf]"></a>memset</STRONG> (Thumb, 18 bytes, Stack size 8 bytes, memseta.o(.text))
<BR><BR>[Stack]<UL><LI>Max Depth = 8<LI>Call Chain = memset
</UL>
<BR>[Calls]<UL><LI><a href="#[be]">&gt;&gt;</a>&nbsp;&nbsp;&nbsp;__aeabi_memset
</UL>
<BR>[Called By]<UL><LI><a href="#[10d]">&gt;&gt;</a>&nbsp;&nbsp;&nbsp;LLF_HASH_SHA512_SingleBlockUpdate
<LI><a href="#[103]">&gt;&gt;</a>&nbsp;&nbsp;&nbsp;SaSi_PalMemSet
<LI><a href="#[c5]">&gt;&gt;</a>&nbsp;&nbsp;&nbsp;SaSi_PalMemSetZero
</UL>

<P><STRONG><a name="[154]"></a>memcmp</STRONG> (Thumb, 26 bytes, Stack size 12 bytes, memcmp.o(.text))
<BR><BR>[Stack]<UL><LI>Max Depth = 12<LI>Call Chain = memcmp
</UL>
<BR>[Called By]<UL><LI><a href="#[2d8]">&gt;&gt;</a>&nbsp;&nbsp;&nbsp;im_master_ids_compare
<LI><a href="#[2d6]">&gt;&gt;</a>&nbsp;&nbsp;&nbsp;im_is_duplicate_bonding_data
<LI><a href="#[2d2]">&gt;&gt;</a>&nbsp;&nbsp;&nbsp;im_address_resolve
<LI><a href="#[153]">&gt;&gt;</a>&nbsp;&nbsp;&nbsp;addr_compare
<LI><a href="#[1ab]">&gt;&gt;</a>&nbsp;&nbsp;&nbsp;ast_peer_blacklisted
<LI><a href="#[1a6]">&gt;&gt;</a>&nbsp;&nbsp;&nbsp;ast_auth_error_notify
</UL>

<P><STRONG><a name="[3a5]"></a>strcpy</STRONG> (Thumb, 18 bytes, Stack size 0 bytes, strcpy.o(.text))
<BR><BR>[Called By]<UL><LI><a href="#[62]">&gt;&gt;</a>&nbsp;&nbsp;&nbsp;nus_data_handler
</UL>

<P><STRONG><a name="[b6]"></a>__scatterload</STRONG> (Thumb, 28 bytes, Stack size 0 bytes, init.o(.text))
<BR><BR>[Calls]<UL><LI><a href="#[c0]">&gt;&gt;</a>&nbsp;&nbsp;&nbsp;__main_after_scatterload
</UL>
<BR>[Called By]<UL><LI><a href="#[b5]">&gt;&gt;</a>&nbsp;&nbsp;&nbsp;_main_scatterload
</UL>

<P><STRONG><a name="[459]"></a>__scatterload_rt2</STRONG> (Thumb, 0 bytes, Stack size 0 bytes, init.o(.text), UNUSED)

<P><STRONG><a name="[45a]"></a>__decompress</STRONG> (Thumb, 0 bytes, Stack size unknown bytes, __dczerorl2.o(.text), UNUSED)

<P><STRONG><a name="[45b]"></a>__decompress1</STRONG> (Thumb, 86 bytes, Stack size unknown bytes, __dczerorl2.o(.text), UNUSED)

<P><STRONG><a name="[35]"></a>CRYPTOCELL_IRQHandler</STRONG> (Thumb, 64 bytes, Stack size unknown bytes, ssi_hal.c.obj(.text.CRYPTOCELL_IRQHandler))
<BR>[Address Reference Count : 1]<UL><LI> arm_startup_nrf52840.o(RESET)
</UL>
<P><STRONG><a name="[d5]"></a>CRYS_COMMON_CmpLsWordsUnsignedCounters</STRONG> (Thumb, 278 bytes, Stack size unknown bytes, crys_common_math.c.obj(.text.CRYS_COMMON_CmpLsWordsUnsignedCounters))
<BR><BR>[Called By]<UL><LI><a href="#[12c]">&gt;&gt;</a>&nbsp;&nbsp;&nbsp;_DX_ECPKI_BuildPublKey
<LI><a href="#[d2]">&gt;&gt;</a>&nbsp;&nbsp;&nbsp;CRYS_ECPKI_BuildPrivKey
<LI><a href="#[100]">&gt;&gt;</a>&nbsp;&nbsp;&nbsp;PkaEcWrstScalarMult
</UL>

<P><STRONG><a name="[ee]"></a>CRYS_COMMON_CmpLsbUnsignedCounters</STRONG> (Thumb, 144 bytes, Stack size unknown bytes, crys_common_math.c.obj(.text.CRYS_COMMON_CmpLsbUnsignedCounters))
<BR><BR>[Called By]<UL><LI><a href="#[ec]">&gt;&gt;</a>&nbsp;&nbsp;&nbsp;CRYS_RND_GenerateVectorInRange.part.0
</UL>

<P><STRONG><a name="[c1]"></a>CRYS_COMMON_ConvertLsbMsbBytesToLswMswWords</STRONG> (Thumb, 32 bytes, Stack size unknown bytes, crys_common_conv_endian.c.obj(.text.CRYS_COMMON_ConvertLsbMsbBytesToLswMswWords))
<BR><BR>[Stack]<UL><LI>Max Depth = 8 + Unknown Stack Size
<LI>Call Chain = CRYS_COMMON_ConvertLsbMsbBytesToLswMswWords &rArr; SaSi_PalMemMove &rArr; memmove
</UL>
<BR>[Calls]<UL><LI><a href="#[c2]">&gt;&gt;</a>&nbsp;&nbsp;&nbsp;SaSi_PalMemMove
</UL>
<BR>[Called By]<UL><LI><a href="#[d0]">&gt;&gt;</a>&nbsp;&nbsp;&nbsp;CRYS_ECMONT_Scalarmult
<LI><a href="#[cf]">&gt;&gt;</a>&nbsp;&nbsp;&nbsp;CRYS_ECMONT_ScalarmultBase
</UL>

<P><STRONG><a name="[c3]"></a>CRYS_COMMON_ConvertLswMswWordsToLsbMsbBytes</STRONG> (Thumb, 12 bytes, Stack size unknown bytes, crys_common_conv_endian.c.obj(.text.CRYS_COMMON_ConvertLswMswWordsToLsbMsbBytes))
<BR><BR>[Stack]<UL><LI>Max Depth = 8 + Unknown Stack Size
<LI>Call Chain = CRYS_COMMON_ConvertLswMswWordsToLsbMsbBytes &rArr; SaSi_PalMemMove &rArr; memmove
</UL>
<BR>[Calls]<UL><LI><a href="#[c2]">&gt;&gt;</a>&nbsp;&nbsp;&nbsp;SaSi_PalMemMove
</UL>
<BR>[Called By]<UL><LI><a href="#[d0]">&gt;&gt;</a>&nbsp;&nbsp;&nbsp;CRYS_ECMONT_Scalarmult
<LI><a href="#[cb]">&gt;&gt;</a>&nbsp;&nbsp;&nbsp;EcEdwSeedKeyPair
<LI><a href="#[cf]">&gt;&gt;</a>&nbsp;&nbsp;&nbsp;CRYS_ECMONT_ScalarmultBase
</UL>

<P><STRONG><a name="[d7]"></a>CRYS_COMMON_ConvertLswMswWordsToMsbLsbBytes</STRONG> (Thumb, 96 bytes, Stack size unknown bytes, crys_common_conv_endian.c.obj(.text.CRYS_COMMON_ConvertLswMswWordsToMsbLsbBytes))
<BR><BR>[Called By]<UL><LI><a href="#[d8]">&gt;&gt;</a>&nbsp;&nbsp;&nbsp;CRYS_ECPKI_ExportPublKey
<LI><a href="#[d6]">&gt;&gt;</a>&nbsp;&nbsp;&nbsp;CRYS_ECPKI_ExportPrivKey
</UL>

<P><STRONG><a name="[c4]"></a>CRYS_COMMON_ConvertMsbLsbBytesToLswMswWords</STRONG> (Thumb, 172 bytes, Stack size unknown bytes, crys_common_conv_endian.c.obj(.text.CRYS_COMMON_ConvertMsbLsbBytesToLswMswWords))
<BR><BR>[Stack]<UL><LI>Max Depth = 8 + Unknown Stack Size
<LI>Call Chain = CRYS_COMMON_ConvertMsbLsbBytesToLswMswWords &rArr; SaSi_PalMemMove &rArr; memmove
</UL>
<BR>[Calls]<UL><LI><a href="#[c2]">&gt;&gt;</a>&nbsp;&nbsp;&nbsp;SaSi_PalMemMove
<LI><a href="#[c5]">&gt;&gt;</a>&nbsp;&nbsp;&nbsp;SaSi_PalMemSetZero
</UL>
<BR>[Called By]<UL><LI><a href="#[12c]">&gt;&gt;</a>&nbsp;&nbsp;&nbsp;_DX_ECPKI_BuildPublKey
<LI><a href="#[d2]">&gt;&gt;</a>&nbsp;&nbsp;&nbsp;CRYS_ECPKI_BuildPrivKey
</UL>

<P><STRONG><a name="[ed]"></a>CRYS_COMMON_GetBytesCounterEffectiveSizeInBits</STRONG> (Thumb, 86 bytes, Stack size unknown bytes, crys_common_math.c.obj(.text.CRYS_COMMON_GetBytesCounterEffectiveSizeInBits))
<BR><BR>[Called By]<UL><LI><a href="#[ec]">&gt;&gt;</a>&nbsp;&nbsp;&nbsp;CRYS_RND_GenerateVectorInRange.part.0
</UL>

<P><STRONG><a name="[d3]"></a>CRYS_COMMON_GetWordsCounterEffectiveSizeInBits</STRONG> (Thumb, 50 bytes, Stack size unknown bytes, crys_common_math.c.obj(.text.CRYS_COMMON_GetWordsCounterEffectiveSizeInBits))
<BR><BR>[Called By]<UL><LI><a href="#[d2]">&gt;&gt;</a>&nbsp;&nbsp;&nbsp;CRYS_ECPKI_BuildPrivKey
<LI><a href="#[f8]">&gt;&gt;</a>&nbsp;&nbsp;&nbsp;EcEdwSpecialScalarMultBase
<LI><a href="#[100]">&gt;&gt;</a>&nbsp;&nbsp;&nbsp;PkaEcWrstScalarMult
<LI><a href="#[d1]">&gt;&gt;</a>&nbsp;&nbsp;&nbsp;EcMontScalarmult
<LI><a href="#[c8]">&gt;&gt;</a>&nbsp;&nbsp;&nbsp;EcWrstDhDeriveSharedSecret
<LI><a href="#[102]">&gt;&gt;</a>&nbsp;&nbsp;&nbsp;EcWrstFullCheckPublKey
</UL>

<P><STRONG><a name="[101]"></a>CRYS_COMMON_ReverseMemcpy</STRONG> (Thumb, 22 bytes, Stack size unknown bytes, crys_common_conv_endian.c.obj(.text.CRYS_COMMON_ReverseMemcpy))
<BR><BR>[Called By]<UL><LI><a href="#[c8]">&gt;&gt;</a>&nbsp;&nbsp;&nbsp;EcWrstDhDeriveSharedSecret
</UL>

<P><STRONG><a name="[c6]"></a>CRYS_ECDH_SVDP_DH</STRONG> (Thumb, 228 bytes, Stack size unknown bytes, crys_ecdh.c.obj(.text.CRYS_ECDH_SVDP_DH))
<BR><BR>[Stack]<UL><LI>Max Depth = 8 + Unknown Stack Size
<LI>Call Chain = CRYS_ECDH_SVDP_DH &rArr; EcWrstDhDeriveSharedSecret &rArr; SaSi_PalMemSetZero &rArr; memset
</UL>
<BR>[Calls]<UL><LI><a href="#[c8]">&gt;&gt;</a>&nbsp;&nbsp;&nbsp;EcWrstDhDeriveSharedSecret
<LI><a href="#[c7]">&gt;&gt;</a>&nbsp;&nbsp;&nbsp;SaSi_PalMemCmp
<LI><a href="#[c5]">&gt;&gt;</a>&nbsp;&nbsp;&nbsp;SaSi_PalMemSetZero
</UL>
<BR>[Called By]<UL><LI><a href="#[82]">&gt;&gt;</a>&nbsp;&nbsp;&nbsp;nrf_crypto_backend_cc310_ecdh_compute
</UL>

<P><STRONG><a name="[c9]"></a>CRYS_ECEDW_KeyPair</STRONG> (Thumb, 176 bytes, Stack size unknown bytes, crys_ec_edw.c.obj(.text.CRYS_ECEDW_KeyPair))
<BR><BR>[Stack]<UL><LI>Max Depth = 8 + Unknown Stack Size
<LI>Call Chain = CRYS_ECEDW_KeyPair &rArr; EcEdwSeedKeyPair &rArr; CRYS_COMMON_ConvertLswMswWordsToLsbMsbBytes &rArr; SaSi_PalMemMove &rArr; memmove
</UL>
<BR>[Calls]<UL><LI><a href="#[cb]">&gt;&gt;</a>&nbsp;&nbsp;&nbsp;EcEdwSeedKeyPair
<LI><a href="#[ca]">&gt;&gt;</a>&nbsp;&nbsp;&nbsp;EcEdwGetDomain25519
<LI><a href="#[c5]">&gt;&gt;</a>&nbsp;&nbsp;&nbsp;SaSi_PalMemSetZero
</UL>
<BR>[Called By]<UL><LI><a href="#[76]">&gt;&gt;</a>&nbsp;&nbsp;&nbsp;nrf_crypto_backend_cc310_ed25519_key_pair_generate
</UL>

<P><STRONG><a name="[cc]"></a>CRYS_ECEDW_SeedKeyPair</STRONG> (Thumb, 100 bytes, Stack size unknown bytes, crys_ec_edw.c.obj(.text.CRYS_ECEDW_SeedKeyPair))
<BR><BR>[Stack]<UL><LI>Max Depth = 8 + Unknown Stack Size
<LI>Call Chain = CRYS_ECEDW_SeedKeyPair &rArr; EcEdwSeedKeyPair &rArr; CRYS_COMMON_ConvertLswMswWordsToLsbMsbBytes &rArr; SaSi_PalMemMove &rArr; memmove
</UL>
<BR>[Calls]<UL><LI><a href="#[cb]">&gt;&gt;</a>&nbsp;&nbsp;&nbsp;EcEdwSeedKeyPair
<LI><a href="#[ca]">&gt;&gt;</a>&nbsp;&nbsp;&nbsp;EcEdwGetDomain25519
</UL>
<BR>[Called By]<UL><LI><a href="#[7a]">&gt;&gt;</a>&nbsp;&nbsp;&nbsp;nrf_crypto_backend_cc310_ed25519_private_key_from_raw
</UL>

<P><STRONG><a name="[cd]"></a>CRYS_ECMONT_KeyPair</STRONG> (Thumb, 200 bytes, Stack size unknown bytes, crys_ec_mont.c.obj(.text.CRYS_ECMONT_KeyPair))
<BR><BR>[Stack]<UL><LI>Max Depth = 8 + Unknown Stack Size
<LI>Call Chain = CRYS_ECMONT_KeyPair &rArr; CRYS_ECMONT_ScalarmultBase &rArr; CRYS_COMMON_ConvertLswMswWordsToLsbMsbBytes &rArr; SaSi_PalMemMove &rArr; memmove
</UL>
<BR>[Calls]<UL><LI><a href="#[cf]">&gt;&gt;</a>&nbsp;&nbsp;&nbsp;CRYS_ECMONT_ScalarmultBase
<LI><a href="#[ce]">&gt;&gt;</a>&nbsp;&nbsp;&nbsp;EcMontGetCurve25519Domain
<LI><a href="#[c5]">&gt;&gt;</a>&nbsp;&nbsp;&nbsp;SaSi_PalMemSetZero
</UL>
<BR>[Called By]<UL><LI><a href="#[75]">&gt;&gt;</a>&nbsp;&nbsp;&nbsp;nrf_crypto_backend_cc310_curve25519_key_pair_generate
</UL>

<P><STRONG><a name="[d0]"></a>CRYS_ECMONT_Scalarmult</STRONG> (Thumb, 284 bytes, Stack size unknown bytes, crys_ec_mont.c.obj(.text.CRYS_ECMONT_Scalarmult))
<BR><BR>[Stack]<UL><LI>Max Depth = 8 + Unknown Stack Size
<LI>Call Chain = CRYS_ECMONT_Scalarmult &rArr; CRYS_COMMON_ConvertLswMswWordsToLsbMsbBytes &rArr; SaSi_PalMemMove &rArr; memmove
</UL>
<BR>[Calls]<UL><LI><a href="#[c3]">&gt;&gt;</a>&nbsp;&nbsp;&nbsp;CRYS_COMMON_ConvertLswMswWordsToLsbMsbBytes
<LI><a href="#[d1]">&gt;&gt;</a>&nbsp;&nbsp;&nbsp;EcMontScalarmult
<LI><a href="#[c1]">&gt;&gt;</a>&nbsp;&nbsp;&nbsp;CRYS_COMMON_ConvertLsbMsbBytesToLswMswWords
<LI><a href="#[ce]">&gt;&gt;</a>&nbsp;&nbsp;&nbsp;EcMontGetCurve25519Domain
<LI><a href="#[c5]">&gt;&gt;</a>&nbsp;&nbsp;&nbsp;SaSi_PalMemSetZero
</UL>
<BR>[Called By]<UL><LI><a href="#[83]">&gt;&gt;</a>&nbsp;&nbsp;&nbsp;nrf_crypto_backend_cc310_curve25519_ecdh_compute
</UL>

<P><STRONG><a name="[cf]"></a>CRYS_ECMONT_ScalarmultBase</STRONG> (Thumb, 236 bytes, Stack size unknown bytes, crys_ec_mont.c.obj(.text.CRYS_ECMONT_ScalarmultBase))
<BR><BR>[Stack]<UL><LI>Max Depth = 8 + Unknown Stack Size
<LI>Call Chain = CRYS_ECMONT_ScalarmultBase &rArr; CRYS_COMMON_ConvertLswMswWordsToLsbMsbBytes &rArr; SaSi_PalMemMove &rArr; memmove
</UL>
<BR>[Calls]<UL><LI><a href="#[c3]">&gt;&gt;</a>&nbsp;&nbsp;&nbsp;CRYS_COMMON_ConvertLswMswWordsToLsbMsbBytes
<LI><a href="#[d1]">&gt;&gt;</a>&nbsp;&nbsp;&nbsp;EcMontScalarmult
<LI><a href="#[c1]">&gt;&gt;</a>&nbsp;&nbsp;&nbsp;CRYS_COMMON_ConvertLsbMsbBytesToLswMswWords
<LI><a href="#[ce]">&gt;&gt;</a>&nbsp;&nbsp;&nbsp;EcMontGetCurve25519Domain
<LI><a href="#[c5]">&gt;&gt;</a>&nbsp;&nbsp;&nbsp;SaSi_PalMemSetZero
</UL>
<BR>[Called By]<UL><LI><a href="#[cd]">&gt;&gt;</a>&nbsp;&nbsp;&nbsp;CRYS_ECMONT_KeyPair
</UL>

<P><STRONG><a name="[d2]"></a>CRYS_ECPKI_BuildPrivKey</STRONG> (Thumb, 228 bytes, Stack size unknown bytes, crys_ecpki_build_priv.c.obj(.text.CRYS_ECPKI_BuildPrivKey))
<BR><BR>[Stack]<UL><LI>Max Depth = 8 + Unknown Stack Size
<LI>Call Chain = CRYS_ECPKI_BuildPrivKey &rArr; CRYS_COMMON_ConvertMsbLsbBytesToLswMswWords &rArr; SaSi_PalMemMove &rArr; memmove
</UL>
<BR>[Calls]<UL><LI><a href="#[d5]">&gt;&gt;</a>&nbsp;&nbsp;&nbsp;CRYS_COMMON_CmpLsWordsUnsignedCounters
<LI><a href="#[d3]">&gt;&gt;</a>&nbsp;&nbsp;&nbsp;CRYS_COMMON_GetWordsCounterEffectiveSizeInBits
<LI><a href="#[c4]">&gt;&gt;</a>&nbsp;&nbsp;&nbsp;CRYS_COMMON_ConvertMsbLsbBytesToLswMswWords
<LI><a href="#[c5]">&gt;&gt;</a>&nbsp;&nbsp;&nbsp;SaSi_PalMemSetZero
<LI><a href="#[d4]">&gt;&gt;</a>&nbsp;&nbsp;&nbsp;SaSi_PalMemCopy
</UL>
<BR>[Called By]<UL><LI><a href="#[78]">&gt;&gt;</a>&nbsp;&nbsp;&nbsp;nrf_crypto_backend_cc310_private_key_from_raw
</UL>

<P><STRONG><a name="[d6]"></a>CRYS_ECPKI_ExportPrivKey</STRONG> (Thumb, 100 bytes, Stack size unknown bytes, crys_ecpki_build_priv.c.obj(.text.CRYS_ECPKI_ExportPrivKey))
<BR><BR>[Calls]<UL><LI><a href="#[d7]">&gt;&gt;</a>&nbsp;&nbsp;&nbsp;CRYS_COMMON_ConvertLswMswWordsToMsbLsbBytes
</UL>
<BR>[Called By]<UL><LI><a href="#[7b]">&gt;&gt;</a>&nbsp;&nbsp;&nbsp;nrf_crypto_backend_cc310_private_key_to_raw
</UL>

<P><STRONG><a name="[d8]"></a>CRYS_ECPKI_ExportPublKey</STRONG> (Thumb, 268 bytes, Stack size unknown bytes, crys_ecpki_build_publ.c.obj(.text.CRYS_ECPKI_ExportPublKey))
<BR><BR>[Stack]<UL><LI>Max Depth = 8 + Unknown Stack Size
<LI>Call Chain = CRYS_ECPKI_ExportPublKey &rArr; SaSi_PalMemSetZero &rArr; memset
</UL>
<BR>[Calls]<UL><LI><a href="#[d7]">&gt;&gt;</a>&nbsp;&nbsp;&nbsp;CRYS_COMMON_ConvertLswMswWordsToMsbLsbBytes
<LI><a href="#[c5]">&gt;&gt;</a>&nbsp;&nbsp;&nbsp;SaSi_PalMemSetZero
</UL>
<BR>[Called By]<UL><LI><a href="#[80]">&gt;&gt;</a>&nbsp;&nbsp;&nbsp;nrf_crypto_backend_cc310_public_key_to_raw
</UL>

<P><STRONG><a name="[d9]"></a>CRYS_ECPKI_GenKeyPair</STRONG> (Thumb, 252 bytes, Stack size unknown bytes, crys_ecpki_kg.c.obj(.text.CRYS_ECPKI_GenKeyPair))
<BR><BR>[Stack]<UL><LI>Max Depth = 8 + Unknown Stack Size
<LI>Call Chain = CRYS_ECPKI_GenKeyPair &rArr; EcWrstGenKeyPair &rArr; SaSi_PalMemSet &rArr; memset
</UL>
<BR>[Calls]<UL><LI><a href="#[db]">&gt;&gt;</a>&nbsp;&nbsp;&nbsp;EcWrstGenKeyPair
<LI><a href="#[da]">&gt;&gt;</a>&nbsp;&nbsp;&nbsp;CRYS_RND_GenerateVectorInRange
<LI><a href="#[c5]">&gt;&gt;</a>&nbsp;&nbsp;&nbsp;SaSi_PalMemSetZero
<LI><a href="#[d4]">&gt;&gt;</a>&nbsp;&nbsp;&nbsp;SaSi_PalMemCopy
</UL>
<BR>[Called By]<UL><LI><a href="#[74]">&gt;&gt;</a>&nbsp;&nbsp;&nbsp;nrf_crypto_backend_cc310_key_pair_generate
</UL>

<P><STRONG><a name="[2c2]"></a>CRYS_ECPKI_GetEcDomain</STRONG> (Thumb, 24 bytes, Stack size unknown bytes, crys_ecpki_domain.c.obj(.text.CRYS_ECPKI_GetEcDomain))
<BR><BR>[Called By]<UL><LI><a href="#[2c1]">&gt;&gt;</a>&nbsp;&nbsp;&nbsp;get_domain
</UL>

<P><STRONG><a name="[dc]"></a>CRYS_HASH</STRONG> (Thumb, 260 bytes, Stack size unknown bytes, crys_hash.c.obj(.text.CRYS_HASH))
<BR><BR>[Stack]<UL><LI>Max Depth = 8 + Unknown Stack Size
<LI>Call Chain = CRYS_HASH &rArr; CRYS_HASH_Finish &rArr; SaSi_PalMemCopy &rArr; memcpy
</UL>
<BR>[Calls]<UL><LI><a href="#[de]">&gt;&gt;</a>&nbsp;&nbsp;&nbsp;CRYS_HASH_Finish
<LI><a href="#[c5]">&gt;&gt;</a>&nbsp;&nbsp;&nbsp;SaSi_PalMemSetZero
<LI><a href="#[dd]">&gt;&gt;</a>&nbsp;&nbsp;&nbsp;hashUpdate
</UL>
<BR>[Called By]<UL><LI><a href="#[cb]">&gt;&gt;</a>&nbsp;&nbsp;&nbsp;EcEdwSeedKeyPair
</UL>

<P><STRONG><a name="[de]"></a>CRYS_HASH_Finish</STRONG> (Thumb, 152 bytes, Stack size unknown bytes, crys_hash.c.obj(.text.CRYS_HASH_Finish))
<BR><BR>[Stack]<UL><LI>Max Depth = 8 + Unknown Stack Size
<LI>Call Chain = CRYS_HASH_Finish &rArr; SaSi_PalMemCopy &rArr; memcpy
</UL>
<BR>[Calls]<UL><LI><a href="#[d4]">&gt;&gt;</a>&nbsp;&nbsp;&nbsp;SaSi_PalMemCopy
</UL>
<BR>[Called By]<UL><LI><a href="#[dc]">&gt;&gt;</a>&nbsp;&nbsp;&nbsp;CRYS_HASH
</UL>

<P><STRONG><a name="[df]"></a>CRYS_RND_AddAdditionalInput</STRONG> (Thumb, 204 bytes, Stack size unknown bytes, crys_rnd.c.obj(.text.CRYS_RND_AddAdditionalInput))
<BR><BR>[Stack]<UL><LI>Max Depth = 8 + Unknown Stack Size
<LI>Call Chain = CRYS_RND_AddAdditionalInput &rArr; SaSi_PalMemSetZero &rArr; memset
</UL>
<BR>[Calls]<UL><LI><a href="#[e2]">&gt;&gt;</a>&nbsp;&nbsp;&nbsp;SaSi_PalAbort
<LI><a href="#[e1]">&gt;&gt;</a>&nbsp;&nbsp;&nbsp;SaSi_PalMutexUnlock
<LI><a href="#[e0]">&gt;&gt;</a>&nbsp;&nbsp;&nbsp;SaSi_PalMutexLock
<LI><a href="#[c5]">&gt;&gt;</a>&nbsp;&nbsp;&nbsp;SaSi_PalMemSetZero
<LI><a href="#[d4]">&gt;&gt;</a>&nbsp;&nbsp;&nbsp;SaSi_PalMemCopy
</UL>
<BR>[Called By]<UL><LI><a href="#[337]">&gt;&gt;</a>&nbsp;&nbsp;&nbsp;nrf_crypto_rng_backend_reseed
</UL>

<P><STRONG><a name="[e3]"></a>CRYS_RND_GenerateVector</STRONG> (Thumb, 796 bytes, Stack size unknown bytes, crys_rnd.c.obj(.text.CRYS_RND_GenerateVector))
<BR><BR>[Stack]<UL><LI>Max Depth = 8 + Unknown Stack Size
[...]
</UL>
<BR>[Calls]<UL><LI><a href="#[356]">&gt;&gt;</a>&nbsp;&nbsp;&nbsp;nrf_gpio_pin_port_decode
</UL>
<BR>[Called By]<UL><LI><a href="#[46]">&gt;&gt;</a>&nbsp;&nbsp;&nbsp;spi_handler
<LI><a href="#[176]">&gt;&gt;</a>&nbsp;&nbsp;&nbsp;app_sdc_init
</UL>

<P><STRONG><a name="[416]"></a>sdc_calculate_size</STRONG> (Thumb, 104 bytes, Stack size 16 bytes, app_sdcard.o(i.sdc_calculate_size))
<BR><BR>[Stack]<UL><LI>Max Depth = 16<LI>Call Chain = sdc_calculate_size
</UL>
<BR>[Called By]<UL><LI><a href="#[414]">&gt;&gt;</a>&nbsp;&nbsp;&nbsp;sdc_pt_identification
</UL>

<P><STRONG><a name="[174]"></a>sdc_cmd</STRONG> (Thumb, 244 bytes, Stack size 32 bytes, app_sdcard.o(i.sdc_cmd))
<BR><BR>[Stack]<UL><LI>Max Depth = 184<LI>Call Chain = sdc_cmd &rArr; sdc_spi_transfer &rArr; nrf_drv_spi_transfer &rArr; nrfx_spim_xfer &rArr; spim_xfer &rArr; nrf_gpio_pin_set
</UL>
<BR>[Calls]<UL><LI><a href="#[412]">&gt;&gt;</a>&nbsp;&nbsp;&nbsp;sdc_spi_transfer
</UL>
<BR>[Called By]<UL><LI><a href="#[418]">&gt;&gt;</a>&nbsp;&nbsp;&nbsp;sdc_pt_write
<LI><a href="#[417]">&gt;&gt;</a>&nbsp;&nbsp;&nbsp;sdc_pt_read
<LI><a href="#[414]">&gt;&gt;</a>&nbsp;&nbsp;&nbsp;sdc_pt_identification
<LI><a href="#[175]">&gt;&gt;</a>&nbsp;&nbsp;&nbsp;app_sdc_block_write
<LI><a href="#[173]">&gt;&gt;</a>&nbsp;&nbsp;&nbsp;app_sdc_block_read
</UL>

<P><STRONG><a name="[414]"></a>sdc_pt_identification</STRONG> (Thumb, 1372 bytes, Stack size 48 bytes, app_sdcard.o(i.sdc_pt_identification))
<BR><BR>[Stack]<UL><LI>Max Depth = 232<LI>Call Chain = sdc_pt_identification &rArr; sdc_pt_sub_data_read &rArr; sdc_spi_transfer &rArr; nrf_drv_spi_transfer &rArr; nrfx_spim_xfer &rArr; spim_xfer &rArr; nrf_gpio_pin_set
</UL>
<BR>[Calls]<UL><LI><a href="#[b7]">&gt;&gt;</a>&nbsp;&nbsp;&nbsp;app_error_handler
<LI><a href="#[415]">&gt;&gt;</a>&nbsp;&nbsp;&nbsp;sdc_pt_sub_data_read
<LI><a href="#[174]">&gt;&gt;</a>&nbsp;&nbsp;&nbsp;sdc_cmd
<LI><a href="#[416]">&gt;&gt;</a>&nbsp;&nbsp;&nbsp;sdc_calculate_size
</UL>
<BR>[Called By]<UL><LI><a href="#[46]">&gt;&gt;</a>&nbsp;&nbsp;&nbsp;spi_handler
</UL>

<P><STRONG><a name="[417]"></a>sdc_pt_read</STRONG> (Thumb, 262 bytes, Stack size 40 bytes, app_sdcard.o(i.sdc_pt_read))
<BR><BR>[Stack]<UL><LI>Max Depth = 224<LI>Call Chain = sdc_pt_read &rArr; sdc_pt_sub_data_read &rArr; sdc_spi_transfer &rArr; nrf_drv_spi_transfer &rArr; nrfx_spim_xfer &rArr; spim_xfer &rArr; nrf_gpio_pin_set
</UL>
<BR>[Calls]<UL><LI><a href="#[b7]">&gt;&gt;</a>&nbsp;&nbsp;&nbsp;app_error_handler
<LI><a href="#[415]">&gt;&gt;</a>&nbsp;&nbsp;&nbsp;sdc_pt_sub_data_read
<LI><a href="#[174]">&gt;&gt;</a>&nbsp;&nbsp;&nbsp;sdc_cmd
</UL>
<BR>[Called By]<UL><LI><a href="#[46]">&gt;&gt;</a>&nbsp;&nbsp;&nbsp;spi_handler
</UL>

<P><STRONG><a name="[415]"></a>sdc_pt_sub_data_read</STRONG> (Thumb, 546 bytes, Stack size 32 bytes, app_sdcard.o(i.sdc_pt_sub_data_read))
<BR><BR>[Stack]<UL><LI>Max Depth = 184<LI>Call Chain = sdc_pt_sub_data_read &rArr; sdc_spi_transfer &rArr; nrf_drv_spi_transfer &rArr; nrfx_spim_xfer &rArr; spim_xfer &rArr; nrf_gpio_pin_set
</UL>
<BR>[Calls]<UL><LI><a href="#[412]">&gt;&gt;</a>&nbsp;&nbsp;&nbsp;sdc_spi_transfer
</UL>
<BR>[Called By]<UL><LI><a href="#[417]">&gt;&gt;</a>&nbsp;&nbsp;&nbsp;sdc_pt_read
<LI><a href="#[414]">&gt;&gt;</a>&nbsp;&nbsp;&nbsp;sdc_pt_identification
</UL>

<P><STRONG><a name="[418]"></a>sdc_pt_write</STRONG> (Thumb, 874 bytes, Stack size 32 bytes, app_sdcard.o(i.sdc_pt_write))
<BR><BR>[Stack]<UL><LI>Max Depth = 216<LI>Call Chain = sdc_pt_write &rArr; sdc_cmd &rArr; sdc_spi_transfer &rArr; nrf_drv_spi_transfer &rArr; nrfx_spim_xfer &rArr; spim_xfer &rArr; nrf_gpio_pin_set
</UL>
<BR>[Calls]<UL><LI><a href="#[b7]">&gt;&gt;</a>&nbsp;&nbsp;&nbsp;app_error_handler
<LI><a href="#[412]">&gt;&gt;</a>&nbsp;&nbsp;&nbsp;sdc_spi_transfer
<LI><a href="#[174]">&gt;&gt;</a>&nbsp;&nbsp;&nbsp;sdc_cmd
</UL>
<BR>[Called By]<UL><LI><a href="#[46]">&gt;&gt;</a>&nbsp;&nbsp;&nbsp;spi_handler
</UL>

<P><STRONG><a name="[412]"></a>sdc_spi_transfer</STRONG> (Thumb, 96 bytes, Stack size 32 bytes, app_sdcard.o(i.sdc_spi_transfer))
<BR><BR>[Stack]<UL><LI>Max Depth = 152<LI>Call Chain = sdc_spi_transfer &rArr; nrf_drv_spi_transfer &rArr; nrfx_spim_xfer &rArr; spim_xfer &rArr; nrf_gpio_pin_set
</UL>
<BR>[Calls]<UL><LI><a href="#[b7]">&gt;&gt;</a>&nbsp;&nbsp;&nbsp;app_error_handler
<LI><a href="#[356]">&gt;&gt;</a>&nbsp;&nbsp;&nbsp;nrf_gpio_pin_port_decode
<LI><a href="#[17a]">&gt;&gt;</a>&nbsp;&nbsp;&nbsp;nrf_drv_spi_transfer
</UL>
<BR>[Called By]<UL><LI><a href="#[46]">&gt;&gt;</a>&nbsp;&nbsp;&nbsp;spi_handler
<LI><a href="#[418]">&gt;&gt;</a>&nbsp;&nbsp;&nbsp;sdc_pt_write
<LI><a href="#[415]">&gt;&gt;</a>&nbsp;&nbsp;&nbsp;sdc_pt_sub_data_read
<LI><a href="#[174]">&gt;&gt;</a>&nbsp;&nbsp;&nbsp;sdc_cmd
</UL>

<P><STRONG><a name="[46]"></a>spi_handler</STRONG> (Thumb, 630 bytes, Stack size 40 bytes, app_sdcard.o(i.spi_handler))
<BR><BR>[Stack]<UL><LI>Max Depth = 272<LI>Call Chain = spi_handler &rArr; sdc_pt_identification &rArr; sdc_pt_sub_data_read &rArr; sdc_spi_transfer &rArr; nrf_drv_spi_transfer &rArr; nrfx_spim_xfer &rArr; spim_xfer &rArr; nrf_gpio_pin_set
</UL>
<BR>[Calls]<UL><LI><a href="#[b7]">&gt;&gt;</a>&nbsp;&nbsp;&nbsp;app_error_handler
<LI><a href="#[412]">&gt;&gt;</a>&nbsp;&nbsp;&nbsp;sdc_spi_transfer
<LI><a href="#[418]">&gt;&gt;</a>&nbsp;&nbsp;&nbsp;sdc_pt_write
<LI><a href="#[417]">&gt;&gt;</a>&nbsp;&nbsp;&nbsp;sdc_pt_read
<LI><a href="#[414]">&gt;&gt;</a>&nbsp;&nbsp;&nbsp;sdc_pt_identification
<LI><a href="#[178]">&gt;&gt;</a>&nbsp;&nbsp;&nbsp;nrf_gpio_pin_set
<LI><a href="#[17b]">&gt;&gt;</a>&nbsp;&nbsp;&nbsp;app_sdc_uninit
</UL>
<BR>[Address Reference Count : 1]<UL><LI> app_sdcard.o(i.app_sdc_init)
</UL>
<P><STRONG><a name="[40f]"></a>__sd_nvic_app_accessible_irq</STRONG> (Thumb, 52 bytes, Stack size 0 bytes, nrf_sdh.o(i.__sd_nvic_app_accessible_irq))
<BR><BR>[Called By]<UL><LI><a href="#[410]">&gt;&gt;</a>&nbsp;&nbsp;&nbsp;sd_nvic_EnableIRQ
<LI><a href="#[40e]">&gt;&gt;</a>&nbsp;&nbsp;&nbsp;sd_nvic_DisableIRQ
</UL>

<P><STRONG><a name="[368]"></a>nrf_section_iter_get</STRONG> (Thumb, 6 bytes, Stack size 0 bytes, nrf_sdh.o(i.nrf_section_iter_get))
<BR><BR>[Called By]<UL><LI><a href="#[141]">&gt;&gt;</a>&nbsp;&nbsp;&nbsp;nrf_sdh_evts_poll
<LI><a href="#[365]">&gt;&gt;</a>&nbsp;&nbsp;&nbsp;sdh_state_observer_notify
<LI><a href="#[364]">&gt;&gt;</a>&nbsp;&nbsp;&nbsp;sdh_request_observer_notify
</UL>

<P><STRONG><a name="[40e]"></a>sd_nvic_DisableIRQ</STRONG> (Thumb, 114 bytes, Stack size 8 bytes, nrf_sdh.o(i.sd_nvic_DisableIRQ))
<BR><BR>[Stack]<UL><LI>Max Depth = 8<LI>Call Chain = sd_nvic_DisableIRQ
</UL>
<BR>[Calls]<UL><LI><a href="#[40f]">&gt;&gt;</a>&nbsp;&nbsp;&nbsp;__sd_nvic_app_accessible_irq
</UL>
<BR>[Called By]<UL><LI><a href="#[366]">&gt;&gt;</a>&nbsp;&nbsp;&nbsp;softdevice_evt_irq_disable
</UL>

<P><STRONG><a name="[410]"></a>sd_nvic_EnableIRQ</STRONG> (Thumb, 150 bytes, Stack size 8 bytes, nrf_sdh.o(i.sd_nvic_EnableIRQ))
<BR><BR>[Stack]<UL><LI>Max Depth = 8<LI>Call Chain = sd_nvic_EnableIRQ
</UL>
<BR>[Calls]<UL><LI><a href="#[40f]">&gt;&gt;</a>&nbsp;&nbsp;&nbsp;__sd_nvic_app_accessible_irq
</UL>
<BR>[Called By]<UL><LI><a href="#[367]">&gt;&gt;</a>&nbsp;&nbsp;&nbsp;softdevices_evt_irq_enable
</UL>

<P><STRONG><a name="[364]"></a>sdh_request_observer_notify</STRONG> (Thumb, 56 bytes, Stack size 32 bytes, nrf_sdh.o(i.sdh_request_observer_notify))
<BR><BR>[Stack]<UL><LI>Max Depth = 48<LI>Call Chain = sdh_request_observer_notify &rArr; nrf_section_iter_init
</UL>
<BR>[Calls]<UL><LI><a href="#[362]">&gt;&gt;</a>&nbsp;&nbsp;&nbsp;nrf_section_iter_next
<LI><a href="#[35c]">&gt;&gt;</a>&nbsp;&nbsp;&nbsp;nrf_section_iter_init
<LI><a href="#[368]">&gt;&gt;</a>&nbsp;&nbsp;&nbsp;nrf_section_iter_get
</UL>
<BR>[Called By]<UL><LI><a href="#[20e]">&gt;&gt;</a>&nbsp;&nbsp;&nbsp;nrf_sdh_enable_request
<LI><a href="#[363]">&gt;&gt;</a>&nbsp;&nbsp;&nbsp;nrf_sdh_disable_request
</UL>

<P><STRONG><a name="[365]"></a>sdh_state_observer_notify</STRONG> (Thumb, 48 bytes, Stack size 32 bytes, nrf_sdh.o(i.sdh_state_observer_notify))
<BR><BR>[Stack]<UL><LI>Max Depth = 48<LI>Call Chain = sdh_state_observer_notify &rArr; nrf_section_iter_init
</UL>
<BR>[Calls]<UL><LI><a href="#[362]">&gt;&gt;</a>&nbsp;&nbsp;&nbsp;nrf_section_iter_next
<LI><a href="#[35c]">&gt;&gt;</a>&nbsp;&nbsp;&nbsp;nrf_section_iter_init
<LI><a href="#[368]">&gt;&gt;</a>&nbsp;&nbsp;&nbsp;nrf_section_iter_get
</UL>
<BR>[Called By]<UL><LI><a href="#[20e]">&gt;&gt;</a>&nbsp;&nbsp;&nbsp;nrf_sdh_enable_request
<LI><a href="#[363]">&gt;&gt;</a>&nbsp;&nbsp;&nbsp;nrf_sdh_disable_request
</UL>

<P><STRONG><a name="[366]"></a>softdevice_evt_irq_disable</STRONG> (Thumb, 34 bytes, Stack size 16 bytes, nrf_sdh.o(i.softdevice_evt_irq_disable))
<BR><BR>[Stack]<UL><LI>Max Depth = 44<LI>Call Chain = softdevice_evt_irq_disable &rArr; app_error_handler &rArr; app_error_fault_handler &rArr; app_error_save_and_stop
</UL>
<BR>[Calls]<UL><LI><a href="#[b7]">&gt;&gt;</a>&nbsp;&nbsp;&nbsp;app_error_handler
<LI><a href="#[40e]">&gt;&gt;</a>&nbsp;&nbsp;&nbsp;sd_nvic_DisableIRQ
</UL>
<BR>[Called By]<UL><LI><a href="#[363]">&gt;&gt;</a>&nbsp;&nbsp;&nbsp;nrf_sdh_disable_request
</UL>

<P><STRONG><a name="[367]"></a>softdevices_evt_irq_enable</STRONG> (Thumb, 34 bytes, Stack size 16 bytes, nrf_sdh.o(i.softdevices_evt_irq_enable))
<BR><BR>[Stack]<UL><LI>Max Depth = 44<LI>Call Chain = softdevices_evt_irq_enable &rArr; app_error_handler &rArr; app_error_fault_handler &rArr; app_error_save_and_stop
</UL>
<BR>[Calls]<UL><LI><a href="#[b7]">&gt;&gt;</a>&nbsp;&nbsp;&nbsp;app_error_handler
<LI><a href="#[410]">&gt;&gt;</a>&nbsp;&nbsp;&nbsp;sd_nvic_EnableIRQ
</UL>
<BR>[Called By]<UL><LI><a href="#[20e]">&gt;&gt;</a>&nbsp;&nbsp;&nbsp;nrf_sdh_enable_request
</UL>

<P><STRONG><a name="[b0]"></a>nrf_sdh_ble_evts_poll</STRONG> (Thumb, 114 bytes, Stack size 544 bytes, nrf_sdh_ble.o(i.nrf_sdh_ble_evts_poll))
<BR><BR>[Stack]<UL><LI>Max Depth = 572<LI>Call Chain = nrf_sdh_ble_evts_poll &rArr; app_error_handler &rArr; app_error_fault_handler &rArr; app_error_save_and_stop
</UL>
<BR>[Calls]<UL><LI><a href="#[b7]">&gt;&gt;</a>&nbsp;&nbsp;&nbsp;app_error_handler
<LI><a href="#[362]">&gt;&gt;</a>&nbsp;&nbsp;&nbsp;nrf_section_iter_next
<LI><a href="#[35c]">&gt;&gt;</a>&nbsp;&nbsp;&nbsp;nrf_section_iter_init
</UL>
<BR>[Address Reference Count : 1]<UL><LI> nrf_sdh_ble.o(sdh_stack_observers0)
</UL>
<P><STRONG><a name="[b1]"></a>nrf_sdh_soc_evts_poll</STRONG> (Thumb, 84 bytes, Stack size 40 bytes, nrf_sdh_soc.o(i.nrf_sdh_soc_evts_poll))
<BR><BR>[Stack]<UL><LI>Max Depth = 68<LI>Call Chain = nrf_sdh_soc_evts_poll &rArr; app_error_handler &rArr; app_error_fault_handler &rArr; app_error_save_and_stop
</UL>
<BR>[Calls]<UL><LI><a href="#[b7]">&gt;&gt;</a>&nbsp;&nbsp;&nbsp;app_error_handler
<LI><a href="#[362]">&gt;&gt;</a>&nbsp;&nbsp;&nbsp;nrf_section_iter_next
<LI><a href="#[35c]">&gt;&gt;</a>&nbsp;&nbsp;&nbsp;nrf_section_iter_init
</UL>
<BR>[Address Reference Count : 1]<UL><LI> nrf_sdh_soc.o(sdh_stack_observers0)
</UL>
<P><STRONG><a name="[145]"></a>nrf52_errata_103</STRONG> (Thumb, 56 bytes, Stack size 0 bytes, system_nrf52840.o(i.nrf52_errata_103))
<BR><BR>[Called By]<UL><LI><a href="#[39]">&gt;&gt;</a>&nbsp;&nbsp;&nbsp;SystemInit
</UL>

<P><STRONG><a name="[146]"></a>nrf52_errata_115</STRONG> (Thumb, 56 bytes, Stack size 0 bytes, system_nrf52840.o(i.nrf52_errata_115))
<BR><BR>[Called By]<UL><LI><a href="#[39]">&gt;&gt;</a>&nbsp;&nbsp;&nbsp;SystemInit
</UL>

<P><STRONG><a name="[147]"></a>nrf52_errata_120</STRONG> (Thumb, 56 bytes, Stack size 0 bytes, system_nrf52840.o(i.nrf52_errata_120))
<BR><BR>[Called By]<UL><LI><a href="#[39]">&gt;&gt;</a>&nbsp;&nbsp;&nbsp;SystemInit
</UL>

<P><STRONG><a name="[148]"></a>nrf52_errata_136</STRONG> (Thumb, 56 bytes, Stack size 0 bytes, system_nrf52840.o(i.nrf52_errata_136))
<BR><BR>[Called By]<UL><LI><a href="#[39]">&gt;&gt;</a>&nbsp;&nbsp;&nbsp;SystemInit
</UL>

<P><STRONG><a name="[142]"></a>nrf52_errata_36</STRONG> (Thumb, 56 bytes, Stack size 0 bytes, system_nrf52840.o(i.nrf52_errata_36))
<BR><BR>[Called By]<UL><LI><a href="#[39]">&gt;&gt;</a>&nbsp;&nbsp;&nbsp;SystemInit
</UL>

<P><STRONG><a name="[143]"></a>nrf52_errata_66</STRONG> (Thumb, 56 bytes, Stack size 0 bytes, system_nrf52840.o(i.nrf52_errata_66))
<BR><BR>[Called By]<UL><LI><a href="#[39]">&gt;&gt;</a>&nbsp;&nbsp;&nbsp;SystemInit
</UL>

<P><STRONG><a name="[144]"></a>nrf52_errata_98</STRONG> (Thumb, 56 bytes, Stack size 0 bytes, system_nrf52840.o(i.nrf52_errata_98))
<BR><BR>[Called By]<UL><LI><a href="#[39]">&gt;&gt;</a>&nbsp;&nbsp;&nbsp;SystemInit
</UL>

<P><STRONG><a name="[e5]"></a>SaSi_RndUpdate</STRONG> (Thumb, 120 bytes, Stack size unknown bytes, crys_rnd.c.obj(.text.SaSi_RndUpdate))
<BR><BR>[Stack]<UL><LI>Max Depth = 8 + Unknown Stack Size
<LI>Call Chain = SaSi_RndUpdate &rArr; SaSi_AesSetKey &rArr; SaSi_PalMemCopy &rArr; memcpy
</UL>
<BR>[Calls]<UL><LI><a href="#[e7]">&gt;&gt;</a>&nbsp;&nbsp;&nbsp;SaSi_AesSetKey
<LI><a href="#[e8]">&gt;&gt;</a>&nbsp;&nbsp;&nbsp;SaSi_AesSetIv
<LI><a href="#[e6]">&gt;&gt;</a>&nbsp;&nbsp;&nbsp;SaSi_AesInit
<LI><a href="#[ea]">&gt;&gt;</a>&nbsp;&nbsp;&nbsp;SaSi_AesFinish
<LI><a href="#[e9]">&gt;&gt;</a>&nbsp;&nbsp;&nbsp;SaSi_AesBlock
</UL>
<BR>[Called By]<UL><LI><a href="#[e3]">&gt;&gt;</a>&nbsp;&nbsp;&nbsp;CRYS_RND_GenerateVector
<LI><a href="#[f1]">&gt;&gt;</a>&nbsp;&nbsp;&nbsp;SaSi_RndInstantiateOrReseed.part.0.constprop.0
</UL>

<P><STRONG><a name="[e4]"></a>SaSi_RndDf</STRONG> (Thumb, 560 bytes, Stack size unknown bytes, crys_rnd.c.obj(.text.SaSi_RndDf))
<BR><BR>[Stack]<UL><LI>Max Depth = 8 + Unknown Stack Size
<LI>Call Chain = SaSi_RndDf &rArr; SaSi_AesSetKey &rArr; SaSi_PalMemCopy &rArr; memcpy
</UL>
<BR>[Calls]<UL><LI><a href="#[e7]">&gt;&gt;</a>&nbsp;&nbsp;&nbsp;SaSi_AesSetKey
<LI><a href="#[e8]">&gt;&gt;</a>&nbsp;&nbsp;&nbsp;SaSi_AesSetIv
<LI><a href="#[e6]">&gt;&gt;</a>&nbsp;&nbsp;&nbsp;SaSi_AesInit
<LI><a href="#[ea]">&gt;&gt;</a>&nbsp;&nbsp;&nbsp;SaSi_AesFinish
<LI><a href="#[103]">&gt;&gt;</a>&nbsp;&nbsp;&nbsp;SaSi_PalMemSet
</UL>
<BR>[Called By]<UL><LI><a href="#[e3]">&gt;&gt;</a>&nbsp;&nbsp;&nbsp;CRYS_RND_GenerateVector
<LI><a href="#[f1]">&gt;&gt;</a>&nbsp;&nbsp;&nbsp;SaSi_RndInstantiateOrReseed.part.0.constprop.0
</UL>

<P><STRONG><a name="[ec]"></a>CRYS_RND_GenerateVectorInRange.part.0</STRONG> (Thumb, 452 bytes, Stack size unknown bytes, crys_rnd.c.obj(.text.CRYS_RND_GenerateVectorInRange.part.0))
<BR><BR>[Stack]<UL><LI>Max Depth = 8 + Unknown Stack Size
<LI>Call Chain = CRYS_RND_GenerateVectorInRange.part.0 &rArr; SaSi_PalMemSetZero &rArr; memset
</UL>
<BR>[Calls]<UL><LI><a href="#[ee]">&gt;&gt;</a>&nbsp;&nbsp;&nbsp;CRYS_COMMON_CmpLsbUnsignedCounters
<LI><a href="#[ed]">&gt;&gt;</a>&nbsp;&nbsp;&nbsp;CRYS_COMMON_GetBytesCounterEffectiveSizeInBits
<LI><a href="#[c5]">&gt;&gt;</a>&nbsp;&nbsp;&nbsp;SaSi_PalMemSetZero
</UL>
<BR>[Called By]<UL><LI><a href="#[da]">&gt;&gt;</a>&nbsp;&nbsp;&nbsp;CRYS_RND_GenerateVectorInRange
</UL>

<P><STRONG><a name="[f1]"></a>SaSi_RndInstantiateOrReseed.part.0.constprop.0</STRONG> (Thumb, 320 bytes, Stack size unknown bytes, crys_rnd.c.obj(.text.SaSi_RndInstantiateOrReseed.part.0.constprop.0))
<BR><BR>[Stack]<UL><LI>Max Depth = 8 + Unknown Stack Size
<LI>Call Chain = SaSi_RndInstantiateOrReseed.part.0.constprop.0 &rArr; SaSi_RndDf &rArr; SaSi_AesSetKey &rArr; SaSi_PalMemCopy &rArr; memcpy
</UL>
<BR>[Calls]<UL><LI><a href="#[111]">&gt;&gt;</a>&nbsp;&nbsp;&nbsp;LLF_RND_GetTrngSource
<LI><a href="#[f4]">&gt;&gt;</a>&nbsp;&nbsp;&nbsp;RNG_PLAT_SetUserRngParameters
<LI><a href="#[e4]">&gt;&gt;</a>&nbsp;&nbsp;&nbsp;SaSi_RndDf
<LI><a href="#[e5]">&gt;&gt;</a>&nbsp;&nbsp;&nbsp;SaSi_RndUpdate
<LI><a href="#[c5]">&gt;&gt;</a>&nbsp;&nbsp;&nbsp;SaSi_PalMemSetZero
<LI><a href="#[d4]">&gt;&gt;</a>&nbsp;&nbsp;&nbsp;SaSi_PalMemCopy
</UL>
<BR>[Called By]<UL><LI><a href="#[f2]">&gt;&gt;</a>&nbsp;&nbsp;&nbsp;CRYS_RND_Reseeding
<LI><a href="#[ef]">&gt;&gt;</a>&nbsp;&nbsp;&nbsp;CRYS_RND_Instantiation
</UL>

<P><STRONG><a name="[10a]"></a>InitAes.part.0</STRONG> (Thumb, 180 bytes, Stack size unknown bytes, aes_driver.c.obj(.text.InitAes.part.0))
<BR><BR>[Calls]<UL><LI><a href="#[109]">&gt;&gt;</a>&nbsp;&nbsp;&nbsp;SaSi_HalMaskInterrupt
<LI><a href="#[10e]">&gt;&gt;</a>&nbsp;&nbsp;&nbsp;SaSi_HalClearInterruptBit
</UL>
<BR>[Called By]<UL><LI><a href="#[107]">&gt;&gt;</a>&nbsp;&nbsp;&nbsp;FinalizeAes
<LI><a href="#[108]">&gt;&gt;</a>&nbsp;&nbsp;&nbsp;ProcessAes
</UL>

<P><STRONG><a name="[12d]"></a>startTrngHW</STRONG> (Thumb, 340 bytes, Stack size unknown bytes, llf_rnd_trng90b.c.obj(.text.startTrngHW))
<BR><BR>[Calls]<UL><LI><a href="#[131]">&gt;&gt;</a>&nbsp;&nbsp;&nbsp;LLF_RND_GetFastestRosc
<LI><a href="#[132]">&gt;&gt;</a>&nbsp;&nbsp;&nbsp;LLF_RND_GetRoscSampleCnt
</UL>
<BR>[Called By]<UL><LI><a href="#[112]">&gt;&gt;</a>&nbsp;&nbsp;&nbsp;getTrngSource
</UL>

<P><STRONG><a name="[12f]"></a>LLF_RND_RepetitionCounterTest.part.0</STRONG> (Thumb, 88 bytes, Stack size unknown bytes, llf_rnd_trng90b.c.obj(.text.LLF_RND_RepetitionCounterTest.part.0))
<BR><BR>[Called By]<UL><LI><a href="#[112]">&gt;&gt;</a>&nbsp;&nbsp;&nbsp;getTrngSource
</UL>

<P><STRONG><a name="[112]"></a>getTrngSource</STRONG> (Thumb, 612 bytes, Stack size unknown bytes, llf_rnd_trng90b.c.obj(.text.getTrngSource))
<BR><BR>[Calls]<UL><LI><a href="#[10f]">&gt;&gt;</a>&nbsp;&nbsp;&nbsp;LLF_RND_DescBypass
<LI><a href="#[130]">&gt;&gt;</a>&nbsp;&nbsp;&nbsp;LLF_RND_AdaptiveProportionTest
<LI><a href="#[12f]">&gt;&gt;</a>&nbsp;&nbsp;&nbsp;LLF_RND_RepetitionCounterTest.part.0
<LI><a href="#[12d]">&gt;&gt;</a>&nbsp;&nbsp;&nbsp;startTrngHW
<LI><a href="#[12e]">&gt;&gt;</a>&nbsp;&nbsp;&nbsp;LLF_RND_TurnOffTrng
<LI><a href="#[113]">&gt;&gt;</a>&nbsp;&nbsp;&nbsp;LLF_RND_WaitRngInterrupt
<LI><a href="#[e2]">&gt;&gt;</a>&nbsp;&nbsp;&nbsp;SaSi_PalAbort
<LI><a href="#[e1]">&gt;&gt;</a>&nbsp;&nbsp;&nbsp;SaSi_PalMutexUnlock
<LI><a href="#[e0]">&gt;&gt;</a>&nbsp;&nbsp;&nbsp;SaSi_PalMutexLock
</UL>
<BR>[Called By]<UL><LI><a href="#[f5]">&gt;&gt;</a>&nbsp;&nbsp;&nbsp;LLF_RND_RunTrngStartupTest
<LI><a href="#[111]">&gt;&gt;</a>&nbsp;&nbsp;&nbsp;LLF_RND_GetTrngSource
</UL>

<P><STRONG><a name="[115]"></a>PkaEcEdwAddExtPrcExt</STRONG> (Thumb, 484 bytes, Stack size unknown bytes, pka_ec_edw.c.obj(.text.PkaEcEdwAddExtPrcExt))
<BR><BR>[Called By]<UL><LI><a href="#[fa]">&gt;&gt;</a>&nbsp;&nbsp;&nbsp;PkaEcEdwSpecialScalarMultBase
</UL>

<P><STRONG><a name="[116]"></a>PkaEcEdwDoublExtExt.constprop.0</STRONG> (Thumb, 432 bytes, Stack size unknown bytes, pka_ec_edw.c.obj(.text.PkaEcEdwDoublExtExt.constprop.0))
<BR><BR>[Called By]<UL><LI><a href="#[fa]">&gt;&gt;</a>&nbsp;&nbsp;&nbsp;PkaEcEdwSpecialScalarMultBase
</UL>

<P><STRONG><a name="[14c]"></a>_printf_core</STRONG> (Thumb, 984 bytes, Stack size 104 bytes, printf8.o(i._printf_core), UNUSED)
<BR><BR>[Calls]<UL><LI><a href="#[151]">&gt;&gt;</a>&nbsp;&nbsp;&nbsp;_printf_pre_padding
<LI><a href="#[152]">&gt;&gt;</a>&nbsp;&nbsp;&nbsp;_printf_post_padding
<LI><a href="#[ba]">&gt;&gt;</a>&nbsp;&nbsp;&nbsp;__aeabi_uldivmod
</UL>
<BR>[Called By]<UL><LI><a href="#[14d]">&gt;&gt;</a>&nbsp;&nbsp;&nbsp;__0sprintf$8
<LI><a href="#[14b]">&gt;&gt;</a>&nbsp;&nbsp;&nbsp;__0printf$8
</UL>

<P><STRONG><a name="[152]"></a>_printf_post_padding</STRONG> (Thumb, 36 bytes, Stack size 24 bytes, printf8.o(i._printf_post_padding), UNUSED)
<BR><BR>[Called By]<UL><LI><a href="#[14c]">&gt;&gt;</a>&nbsp;&nbsp;&nbsp;_printf_core
</UL>

<P><STRONG><a name="[151]"></a>_printf_pre_padding</STRONG> (Thumb, 46 bytes, Stack size 24 bytes, printf8.o(i._printf_pre_padding), UNUSED)
<BR><BR>[Called By]<UL><LI><a href="#[14c]">&gt;&gt;</a>&nbsp;&nbsp;&nbsp;_printf_core
</UL>

<P><STRONG><a name="[42]"></a>_sputc</STRONG> (Thumb, 10 bytes, Stack size 0 bytes, printf8.o(i._sputc))
<BR><BR>[Called By]<UL><LI><a href="#[14d]">&gt;&gt;</a>&nbsp;&nbsp;&nbsp;__0sprintf$8
</UL>
<BR>[Address Reference Count : 1]<UL><LI> printf8.o(i.__0sprintf$8)
</UL><P>
<H3>
Undefined Global Symbols
</H3><HR></body></html>
