<html>
<body>
<pre>
<h1>µVision Build Log</h1>
<h2>Tool Versions:</h2>
IDE-Version: ¦ÌVision V5.33.0.0
Copyright (C) 2020 ARM Ltd and ARM Germany GmbH. All rights reserved.
License Information: Zhen Huang, Zju, LIC=ZB4EI-THAGP-30BNC-726TF-7QG60-DE0NB
 
Tool Versions:
Toolchain:       MDK-ARM Plus  Version: 5.33.0.0
Toolchain Path:  D:\Program Files (x86)\Keil_v5\ARM\ARMCC\Bin
C Compiler:      Armcc.exe V5.06 update 7 (build 960)
Assembler:       Armasm.exe V5.06 update 7 (build 960)
Linker/Locator:  ArmLink.exe V5.06 update 7 (build 960)
Library Manager: ArmAr.exe V5.06 update 7 (build 960)
Hex Converter:   FromElf.exe V5.06 update 7 (build 960)
CPU DLL:         
Dialog DLL:      
Target DLL:      Segger\JL2CM3.dll V2.99.38.0
Dialog DLL:      TCM.DLL V1.48.0.0
 
<h2>Project:</h2>
D:\nRF5_SDK_17.0.2_d674dde\examples\ble_peripheral\app-ecg-master\pca10056\s140\arm5_no_packs\ble_app_hrs_pca10056_s140.uvprojx
Project File Date:  03/03/2021

<h2>Output:</h2>
*** Using Compiler 'V5.06 update 7 (build 960)', folder: 'D:\Program Files (x86)\Keil_v5\ARM\ARMCC\Bin'
Build target 'nrf52840_xxaa'
compiling ble_hrs.c...
compiling ble_service.c...
..\..\..\common.h(75): warning:  #1-D: last line of file ends without a newline
  extern uint32_t data_send(uint8_t data[],uint16_t length);
..\..\..\ble_service.c(1116): warning:  #223-D: function "nrf_ble_lesc_request_handler" declared implicitly
      err_code = nrf_ble_lesc_request_handler();
..\..\..\ble_service.c(110): warning:  #177-D: variable "m_battery_timer_id"  was declared but never referenced
  APP_TIMER_DEF(m_battery_timer_id);                                  /**< Battery timer. */
..\..\..\ble_service.c(113): warning:  #177-D: variable "m_sensor_contact_timer_id"  was declared but never referenced
  APP_TIMER_DEF(m_sensor_contact_timer_id);                           /**< Sensor contact detected timer. */
..\..\..\ble_service.c(341): warning:  #177-D: function "battery_level_meas_timeout_handler"  was declared but never referenced
  static void battery_level_meas_timeout_handler(void * p_context)
..\..\..\ble_service.c(429): warning:  #177-D: function "sensor_contact_detected_timeout_handler"  was declared but never referenced
  static void sensor_contact_detected_timeout_handler(void * p_context)
..\..\..\ble_service.c: 6 warnings, 0 errors
linking...
Program Size: Code=96652 RO-data=15600 RW-data=772 ZI-data=31484  
FromELF: creating hex file...
".\_build\nrf52840_xxaa.axf" - 0 Error(s), 6 Warning(s).

<h2>Software Packages used:</h2>

Package Vendor: ARM
                http://www.keil.com/pack/ARM.CMSIS.5.6.0.pack
                ARM.CMSIS.5.6.0
                CMSIS (Cortex Microcontroller Software Interface Standard)
   * Component: CORE Version: 5.3.0

Package Vendor: NordicSemiconductor
                http://developer.nordicsemi.com/nRF5_SDK/pieces/nRF_DeviceFamilyPack/NordicSemiconductor.nRF_DeviceFamilyPack.8.35.0.pack
                NordicSemiconductor.nRF_DeviceFamilyPack.8.35.0
                Nordic Semiconductor nRF ARM devices Device Family Pack with BSD license.
   * Component: Startup Version: 8.35.0

<h2>Collection of Component include folders:</h2>
  .\RTE\_nrf52840_xxaa
  D:\Program Files (x86)\Keil_v5\Arm\Packs\ARM\CMSIS\5.6.0\CMSIS\Core\Include
  D:\Program Files (x86)\Keil_v5\Arm\Packs\NordicSemiconductor\nRF_DeviceFamilyPack\8.35.0\Device\Include

<h2>Collection of Component Files used:</h2>

   * Component: ARM::CMSIS:CORE:5.3.0

   * Component: NordicSemiconductor::Device:Startup:8.35.0
      Source file:   Device\Source\arm\arm_startup_nrf52840.s
      Source file:   Device\Source\system_nrf52840.c
      Include file:  Device\Include\system_nrf52840.h
      Include file:  Device\Include\system_nrf.h
Build Time Elapsed:  00:00:04
</pre>
</body>
</html>
